Component: ARM Compiler 5.06 update 5 (build 528) Tool: armlink [4d35e2]

==============================================================================

Section Cross References

    startup_stm32f10x_md.o(RESET) refers to startup_stm32f10x_md.o(STACK) for __initial_sp
    startup_stm32f10x_md.o(RESET) refers to startup_stm32f10x_md.o(.text) for Reset_Handler
    startup_stm32f10x_md.o(RESET) refers to stm32f10x_it.o(i.NMI_Handler) for NMI_Handler
    startup_stm32f10x_md.o(RESET) refers to stm32f10x_it.o(i.HardFault_Handler) for HardFault_Handler
    startup_stm32f10x_md.o(RESET) refers to stm32f10x_it.o(i.MemManage_Handler) for MemManage_Handler
    startup_stm32f10x_md.o(RESET) refers to stm32f10x_it.o(i.BusFault_Handler) for BusFault_Handler
    startup_stm32f10x_md.o(RESET) refers to stm32f10x_it.o(i.UsageFault_Handler) for UsageFault_Handler
    startup_stm32f10x_md.o(RESET) refers to stm32f10x_it.o(i.SVC_Handler) for SVC_Handler
    startup_stm32f10x_md.o(RESET) refers to stm32f10x_it.o(i.DebugMon_Handler) for DebugMon_Handler
    startup_stm32f10x_md.o(RESET) refers to stm32f10x_it.o(i.PendSV_Handler) for PendSV_Handler
    startup_stm32f10x_md.o(RESET) refers to stm32f10x_it.o(i.SysTick_Handler) for SysTick_Handler
    startup_stm32f10x_md.o(RESET) refers to stm32f10x_it.o(i.USART1_IRQHandler) for USART1_IRQHandler
    startup_stm32f10x_md.o(RESET) refers to stm32f10x_it.o(i.USART2_IRQHandler) for USART2_IRQHandler
    startup_stm32f10x_md.o(.text) refers to system_stm32f10x.o(i.SystemInit) for SystemInit
    startup_stm32f10x_md.o(.text) refers to entry.o(.ARM.Collect$$$$00000000) for __main
    system_stm32f10x.o(i.SetSysClock) refers to system_stm32f10x.o(i.SetSysClockTo72) for SetSysClockTo72
    system_stm32f10x.o(i.SystemCoreClockUpdate) refers to system_stm32f10x.o(.data) for SystemCoreClock
    system_stm32f10x.o(i.SystemInit) refers to system_stm32f10x.o(i.SetSysClock) for SetSysClock
    stm32f10x_adc.o(i.ADC_DeInit) refers to stm32f10x_rcc.o(i.RCC_APB2PeriphResetCmd) for RCC_APB2PeriphResetCmd
    stm32f10x_bkp.o(i.BKP_DeInit) refers to stm32f10x_rcc.o(i.RCC_BackupResetCmd) for RCC_BackupResetCmd
    stm32f10x_can.o(i.CAN_DeInit) refers to stm32f10x_rcc.o(i.RCC_APB1PeriphResetCmd) for RCC_APB1PeriphResetCmd
    stm32f10x_can.o(i.CAN_GetITStatus) refers to stm32f10x_can.o(i.CheckITStatus) for CheckITStatus
    stm32f10x_cec.o(i.CEC_DeInit) refers to stm32f10x_rcc.o(i.RCC_APB1PeriphResetCmd) for RCC_APB1PeriphResetCmd
    stm32f10x_dac.o(i.DAC_DeInit) refers to stm32f10x_rcc.o(i.RCC_APB1PeriphResetCmd) for RCC_APB1PeriphResetCmd
    stm32f10x_flash.o(i.FLASH_EnableWriteProtection) refers to stm32f10x_flash.o(i.FLASH_WaitForLastOperation) for FLASH_WaitForLastOperation
    stm32f10x_flash.o(i.FLASH_EraseAllBank1Pages) refers to stm32f10x_flash.o(i.FLASH_WaitForLastBank1Operation) for FLASH_WaitForLastBank1Operation
    stm32f10x_flash.o(i.FLASH_EraseAllPages) refers to stm32f10x_flash.o(i.FLASH_WaitForLastOperation) for FLASH_WaitForLastOperation
    stm32f10x_flash.o(i.FLASH_EraseOptionBytes) refers to stm32f10x_flash.o(i.FLASH_GetReadOutProtectionStatus) for FLASH_GetReadOutProtectionStatus
    stm32f10x_flash.o(i.FLASH_EraseOptionBytes) refers to stm32f10x_flash.o(i.FLASH_WaitForLastOperation) for FLASH_WaitForLastOperation
    stm32f10x_flash.o(i.FLASH_ErasePage) refers to stm32f10x_flash.o(i.FLASH_WaitForLastOperation) for FLASH_WaitForLastOperation
    stm32f10x_flash.o(i.FLASH_ProgramHalfWord) refers to stm32f10x_flash.o(i.FLASH_WaitForLastOperation) for FLASH_WaitForLastOperation
    stm32f10x_flash.o(i.FLASH_ProgramOptionByteData) refers to stm32f10x_flash.o(i.FLASH_WaitForLastOperation) for FLASH_WaitForLastOperation
    stm32f10x_flash.o(i.FLASH_ProgramWord) refers to stm32f10x_flash.o(i.FLASH_WaitForLastOperation) for FLASH_WaitForLastOperation
    stm32f10x_flash.o(i.FLASH_ReadOutProtection) refers to stm32f10x_flash.o(i.FLASH_WaitForLastOperation) for FLASH_WaitForLastOperation
    stm32f10x_flash.o(i.FLASH_UserOptionByteConfig) refers to stm32f10x_flash.o(i.FLASH_WaitForLastOperation) for FLASH_WaitForLastOperation
    stm32f10x_flash.o(i.FLASH_WaitForLastBank1Operation) refers to stm32f10x_flash.o(i.FLASH_GetBank1Status) for FLASH_GetBank1Status
    stm32f10x_flash.o(i.FLASH_WaitForLastOperation) refers to stm32f10x_flash.o(i.FLASH_GetBank1Status) for FLASH_GetBank1Status
    stm32f10x_gpio.o(i.GPIO_AFIODeInit) refers to stm32f10x_rcc.o(i.RCC_APB2PeriphResetCmd) for RCC_APB2PeriphResetCmd
    stm32f10x_gpio.o(i.GPIO_DeInit) refers to stm32f10x_rcc.o(i.RCC_APB2PeriphResetCmd) for RCC_APB2PeriphResetCmd
    stm32f10x_i2c.o(i.I2C_DeInit) refers to stm32f10x_rcc.o(i.RCC_APB1PeriphResetCmd) for RCC_APB1PeriphResetCmd
    stm32f10x_i2c.o(i.I2C_Init) refers to stm32f10x_rcc.o(i.RCC_GetClocksFreq) for RCC_GetClocksFreq
    stm32f10x_pwr.o(i.PWR_DeInit) refers to stm32f10x_rcc.o(i.RCC_APB1PeriphResetCmd) for RCC_APB1PeriphResetCmd
[...]
    Removing stm32f10x_tim.o(i.TIM_OC2PolarityConfig), (26 bytes).
    Removing stm32f10x_tim.o(i.TIM_OC2PreloadConfig), (26 bytes).
    Removing stm32f10x_tim.o(i.TIM_OC3FastConfig), (18 bytes).
    Removing stm32f10x_tim.o(i.TIM_OC3Init), (160 bytes).
    Removing stm32f10x_tim.o(i.TIM_OC3NPolarityConfig), (26 bytes).
    Removing stm32f10x_tim.o(i.TIM_OC3PolarityConfig), (26 bytes).
    Removing stm32f10x_tim.o(i.TIM_OC3PreloadConfig), (18 bytes).
    Removing stm32f10x_tim.o(i.TIM_OC4FastConfig), (26 bytes).
    Removing stm32f10x_tim.o(i.TIM_OC4Init), (124 bytes).
    Removing stm32f10x_tim.o(i.TIM_OC4PolarityConfig), (26 bytes).
    Removing stm32f10x_tim.o(i.TIM_OC4PreloadConfig), (26 bytes).
    Removing stm32f10x_tim.o(i.TIM_OCStructInit), (20 bytes).
    Removing stm32f10x_tim.o(i.TIM_PWMIConfig), (124 bytes).
    Removing stm32f10x_tim.o(i.TIM_PrescalerConfig), (6 bytes).
    Removing stm32f10x_tim.o(i.TIM_SelectCCDMA), (24 bytes).
    Removing stm32f10x_tim.o(i.TIM_SelectCOM), (24 bytes).
    Removing stm32f10x_tim.o(i.TIM_SelectHallSensor), (24 bytes).
    Removing stm32f10x_tim.o(i.TIM_SelectInputTrigger), (18 bytes).
    Removing stm32f10x_tim.o(i.TIM_SelectMasterSlaveMode), (18 bytes).
    Removing stm32f10x_tim.o(i.TIM_SelectOCxM), (82 bytes).
    Removing stm32f10x_tim.o(i.TIM_SelectOnePulseMode), (18 bytes).
    Removing stm32f10x_tim.o(i.TIM_SelectOutputTrigger), (18 bytes).
    Removing stm32f10x_tim.o(i.TIM_SelectSlaveMode), (18 bytes).
    Removing stm32f10x_tim.o(i.TIM_SetAutoreload), (4 bytes).
    Removing stm32f10x_tim.o(i.TIM_SetClockDivision), (18 bytes).
    Removing stm32f10x_tim.o(i.TIM_SetCompare1), (4 bytes).
    Removing stm32f10x_tim.o(i.TIM_SetCompare2), (4 bytes).
    Removing stm32f10x_tim.o(i.TIM_SetCompare3), (4 bytes).
    Removing stm32f10x_tim.o(i.TIM_SetCompare4), (6 bytes).
    Removing stm32f10x_tim.o(i.TIM_SetCounter), (4 bytes).
    Removing stm32f10x_tim.o(i.TIM_SetIC1Prescaler), (18 bytes).
    Removing stm32f10x_tim.o(i.TIM_SetIC2Prescaler), (26 bytes).
    Removing stm32f10x_tim.o(i.TIM_SetIC3Prescaler), (18 bytes).
    Removing stm32f10x_tim.o(i.TIM_SetIC4Prescaler), (26 bytes).
    Removing stm32f10x_tim.o(i.TIM_TIxExternalClockConfig), (62 bytes).
    Removing stm32f10x_tim.o(i.TIM_TimeBaseInit), (164 bytes).
    Removing stm32f10x_tim.o(i.TIM_TimeBaseStructInit), (18 bytes).
    Removing stm32f10x_tim.o(i.TIM_UpdateDisableConfig), (24 bytes).
    Removing stm32f10x_tim.o(i.TIM_UpdateRequestConfig), (24 bytes).
    Removing stm32f10x_usart.o(i.USART_ClearFlag), (18 bytes).
    Removing stm32f10x_usart.o(i.USART_ClearITPendingBit), (30 bytes).
    Removing stm32f10x_usart.o(i.USART_ClockInit), (34 bytes).
    Removing stm32f10x_usart.o(i.USART_ClockStructInit), (12 bytes).
    Removing stm32f10x_usart.o(i.USART_DMACmd), (18 bytes).
    Removing stm32f10x_usart.o(i.USART_DeInit), (156 bytes).
    Removing stm32f10x_usart.o(i.USART_HalfDuplexCmd), (24 bytes).
    Removing stm32f10x_usart.o(i.USART_IrDACmd), (24 bytes).
    Removing stm32f10x_usart.o(i.USART_IrDAConfig), (18 bytes).
    Removing stm32f10x_usart.o(i.USART_LINBreakDetectLengthConfig), (18 bytes).
    Removing stm32f10x_usart.o(i.USART_LINCmd), (24 bytes).
    Removing stm32f10x_usart.o(i.USART_OneBitMethodCmd), (24 bytes).
    Removing stm32f10x_usart.o(i.USART_OverSampling8Cmd), (22 bytes).
    Removing stm32f10x_usart.o(i.USART_ReceiverWakeUpCmd), (24 bytes).
    Removing stm32f10x_usart.o(i.USART_SendBreak), (10 bytes).
    Removing stm32f10x_usart.o(i.USART_SetAddress), (18 bytes).
    Removing stm32f10x_usart.o(i.USART_SetGuardTime), (16 bytes).
    Removing stm32f10x_usart.o(i.USART_SetPrescaler), (16 bytes).
    Removing stm32f10x_usart.o(i.USART_SmartCardCmd), (24 bytes).
    Removing stm32f10x_usart.o(i.USART_SmartCardNACKCmd), (24 bytes).
    Removing stm32f10x_usart.o(i.USART_StructInit), (24 bytes).
    Removing stm32f10x_usart.o(i.USART_WakeUpConfig), (18 bytes).
    Removing stm32f10x_wwdg.o(i.WWDG_ClearFlag), (12 bytes).
    Removing stm32f10x_wwdg.o(i.WWDG_DeInit), (22 bytes).
    Removing stm32f10x_wwdg.o(i.WWDG_Enable), (16 bytes).
    Removing stm32f10x_wwdg.o(i.WWDG_EnableIT), (12 bytes).
    Removing stm32f10x_wwdg.o(i.WWDG_GetFlagStatus), (12 bytes).
    Removing stm32f10x_wwdg.o(i.WWDG_SetCounter), (16 bytes).
    Removing stm32f10x_wwdg.o(i.WWDG_SetPrescaler), (24 bytes).
    Removing stm32f10x_wwdg.o(i.WWDG_SetWindowValue), (40 bytes).
    Removing esp8266.o(i.ESP8266_AT_Test), (68 bytes).
    Removing esp8266.o(i.ESP8266_BuildAP), (72 bytes).
    Removing esp8266.o(i.ESP8266_ECloseTCP_UDP), (44 bytes).
    Removing esp8266.o(i.ESP8266_Enable_MultipleId), (56 bytes).
    Removing esp8266.o(i.ESP8266_ExitUnvarnishSend), (36 bytes).
    Removing esp8266.o(i.ESP8266_Get_IdLinkStatus), (232 bytes).
    Removing esp8266.o(i.ESP8266_Get_LinkStatus), (124 bytes).
    Removing esp8266.o(i.ESP8266_Inquire_ApIp), (108 bytes).
    Removing esp8266.o(i.ESP8266_JoinAP), (64 bytes).
    Removing esp8266.o(i.ESP8266_Link_Server), (192 bytes).
    Removing esp8266.o(i.ESP8266_Net_Mode_Choose), (120 bytes).
    Removing esp8266.o(i.ESP8266_ReceiveString), (100 bytes).
    Removing esp8266.o(i.ESP8266_Rst), (72 bytes).
    Removing esp8266.o(i.ESP8266_SendString), (160 bytes).
    Removing esp8266.o(i.ESP8266_StaTcpClient_UnvarnishTest), (176 bytes).
    Removing esp8266.o(i.ESP8266_StartOrShutServer), (144 bytes).
    Removing esp8266.o(i.My_ESP_8266_Test), (220 bytes).
    Removing delay.o(i.delay_s), (26 bytes).
    Removing sys.o(i.NVIC_Configuration), (12 bytes).
    Removing sys.o(i.RCC_Configuration), (100 bytes).
    Removing bc20.o(i.BC20_sendString), (80 bytes).
    Removing bc20.o(i.getBC20_SIM_ID), (116 bytes).
    Removing bc20.o(i.getBC20_Vision), (164 bytes).
    Removing httppost.o(i.Esp8266_postBody), (20 bytes).
    Removing cjson.o(i.cJSON_AddItemReferenceToArray), (24 bytes).
    Removing cjson.o(i.cJSON_AddItemReferenceToObject), (32 bytes).
    Removing cjson.o(i.cJSON_AddItemToObjectCS), (60 bytes).
    Removing cjson.o(i.cJSON_CreateArray), (18 bytes).
    Removing cjson.o(i.cJSON_CreateBool), (26 bytes).
    Removing cjson.o(i.cJSON_CreateDoubleArray), (68 bytes).
    Removing cjson.o(i.cJSON_CreateFalse), (18 bytes).
    Removing cjson.o(i.cJSON_CreateFloatArray), (68 bytes).
    Removing cjson.o(i.cJSON_CreateIntArray), (68 bytes).
    Removing cjson.o(i.cJSON_CreateNull), (18 bytes).
    Removing cjson.o(i.cJSON_CreateStringArray), (62 bytes).
    Removing cjson.o(i.cJSON_CreateTrue), (18 bytes).
    Removing cjson.o(i.cJSON_DeleteItemFromArray), (22 bytes).
    Removing cjson.o(i.cJSON_DeleteItemFromObject), (22 bytes).
    Removing cjson.o(i.cJSON_DetachItemFromArray), (66 bytes).
    Removing cjson.o(i.cJSON_DetachItemFromObject), (50 bytes).
    Removing cjson.o(i.cJSON_Duplicate), (172 bytes).
    Removing cjson.o(i.cJSON_GetArrayItem), (18 bytes).
    Removing cjson.o(i.cJSON_GetArraySize), (18 bytes).
    Removing cjson.o(i.cJSON_GetErrorPtr), (12 bytes).
    Removing cjson.o(i.cJSON_GetObjectItem), (30 bytes).
    Removing cjson.o(i.cJSON_InitHooks), (64 bytes).
    Removing cjson.o(i.cJSON_InsertItemInArray), (64 bytes).
    Removing cjson.o(i.cJSON_Minify), (186 bytes).
    Removing cjson.o(i.cJSON_Parse), (16 bytes).
    Removing cjson.o(i.cJSON_ParseWithOpts), (100 bytes).
    Removing cjson.o(i.cJSON_PrintBuffered), (44 bytes).
    Removing cjson.o(i.cJSON_PrintUnformatted), (18 bytes).
    Removing cjson.o(i.cJSON_ReplaceItemInArray), (76 bytes).
    Removing cjson.o(i.cJSON_ReplaceItemInObject), (62 bytes).
    Removing cjson.o(i.cJSON_strcasecmp), (76 bytes).
    Removing cjson.o(i.create_reference), (48 bytes).
    Removing cjson.o(i.parse_array), (172 bytes).
    Removing cjson.o(i.parse_hex4), (276 bytes).
    Removing cjson.o(i.parse_number), (444 bytes).
    Removing cjson.o(i.parse_object), (276 bytes).
    Removing cjson.o(i.parse_string), (460 bytes).
    Removing cjson.o(i.parse_value), (188 bytes).
    Removing cjson.o(i.skip), (18 bytes).
    Removing cjson.o(.constdata), (7 bytes).
    Removing mq4.o(i.Read_MQ4_DOUT_Data), (24 bytes).
    Removing usart.o(i.USARTx_Config), (128 bytes).
    Removing usart.o(i.Usart_SendArray), (48 bytes).
    Removing usart.o(i.Usart_SendByte), (30 bytes).
    Removing usart.o(i.Usart_SendHalfWord), (60 bytes).
    Removing usart.o(i.Usart_SendString), (42 bytes).
    Removing usart.o(i.fgetc), (32 bytes).
    Removing dscalb.o(.text), (46 bytes).
    Removing dsqrt.o(.text), (162 bytes).

522 unused section(s) (total 24285 bytes) removed from the image.

==============================================================================

Image Symbol Table

    Local Symbols

    Symbol Name                              Value     Ov Type        Size  Object(Section)

    ../clib/microlib/ctype/tolower.c         0x00000000   Number         0  tolower.o ABSOLUTE
    ../clib/microlib/division.c              0x00000000   Number         0  uldiv.o ABSOLUTE
    ../clib/microlib/division.c              0x00000000   Number         0  uidiv.o ABSOLUTE
    ../clib/microlib/errno.c                 0x00000000   Number         0  errno.o ABSOLUTE
    ../clib/microlib/init/entry.s            0x00000000   Number         0  entry9b.o ABSOLUTE
    ../clib/microlib/init/entry.s            0x00000000   Number         0  entry7b.o ABSOLUTE
    ../clib/microlib/init/entry.s            0x00000000   Number         0  entry9a.o ABSOLUTE
    ../clib/microlib/init/entry.s            0x00000000   Number         0  entry11b.o ABSOLUTE
    ../clib/microlib/init/entry.s            0x00000000   Number         0  entry7a.o ABSOLUTE
    ../clib/microlib/init/entry.s            0x00000000   Number         0  entry5.o ABSOLUTE
    ../clib/microlib/init/entry.s            0x00000000   Number         0  entry11a.o ABSOLUTE
    ../clib/microlib/init/entry.s            0x00000000   Number         0  entry10b.o ABSOLUTE
    ../clib/microlib/init/entry.s            0x00000000   Number         0  entry10a.o ABSOLUTE
    ../clib/microlib/init/entry.s            0x00000000   Number         0  entry2.o ABSOLUTE
    ../clib/microlib/init/entry.s            0x00000000   Number         0  entry8b.o ABSOLUTE
    ../clib/microlib/init/entry.s            0x00000000   Number         0  entry.o ABSOLUTE
    ../clib/microlib/init/entry.s            0x00000000   Number         0  entry8a.o ABSOLUTE
    ../clib/microlib/longlong.c              0x00000000   Number         0  llshl.o ABSOLUTE
    ../clib/microlib/longlong.c              0x00000000   Number         0  llsshr.o ABSOLUTE
    ../clib/microlib/longlong.c              0x00000000   Number         0  llushr.o ABSOLUTE
    ../clib/microlib/malloc/malloc.c         0x00000000   Number         0  malloca.o ABSOLUTE
    ../clib/microlib/malloc/malloc.c         0x00000000   Number         0  mallocra.o ABSOLUTE
    ../clib/microlib/malloc/malloc.c         0x00000000   Number         0  mallocr.o ABSOLUTE
    ../clib/microlib/malloc/malloc.c         0x00000000   Number         0  malloc.o ABSOLUTE
    ../clib/microlib/malloc/mvars.c          0x00000000   Number         0  mvars.o ABSOLUTE
    ../clib/microlib/printf/printf.c         0x00000000   Number         0  printf0.o ABSOLUTE
    ../clib/microlib/printf/printf.c         0x00000000   Number         0  printfb.o ABSOLUTE
    ../clib/microlib/printf/printf.c         0x00000000   Number         0  printf1.o ABSOLUTE
    ../clib/microlib/printf/printf.c         0x00000000   Number         0  printf3.o ABSOLUTE
    ../clib/microlib/printf/printf.c         0x00000000   Number         0  printf4.o ABSOLUTE
    ../clib/microlib/printf/printf.c         0x00000000   Number         0  printf5.o ABSOLUTE
    ../clib/microlib/printf/printf.c         0x00000000   Number         0  printf2.o ABSOLUTE
    ../clib/microlib/printf/printf.c         0x00000000   Number         0  printf7.o ABSOLUTE
    ../clib/microlib/printf/printf.c         0x00000000   Number         0  printf8.o ABSOLUTE
    ../clib/microlib/printf/printf.c         0x00000000   Number         0  printfa.o ABSOLUTE
    ../clib/microlib/printf/printf.c         0x00000000   Number         0  printf6.o ABSOLUTE
    ../clib/microlib/printf/stubs.s          0x00000000   Number         0  stubs.o ABSOLUTE
    ../clib/microlib/stdio/streams.c         0x00000000   Number         0  stdout.o ABSOLUTE
    ../clib/microlib/string/memcpy.c         0x00000000   Number         0  memcpya.o ABSOLUTE
    ../clib/microlib/string/memcpy.c         0x00000000   Number         0  memcpyb.o ABSOLUTE
    ../clib/microlib/string/memset.c         0x00000000   Number         0  memseta.o ABSOLUTE
    ../clib/microlib/string/strcat.c         0x00000000   Number         0  strcat.o ABSOLUTE
    ../clib/microlib/string/strchr.c         0x00000000   Number         0  strchr.o ABSOLUTE
    ../clib/microlib/string/strcmp.c         0x00000000   Number         0  strcmp.o ABSOLUTE
    ../clib/microlib/string/strcpy.c         0x00000000   Number         0  strcpy.o ABSOLUTE
    ../clib/microlib/string/strlen.c         0x00000000   Number         0  strlen.o ABSOLUTE
    ../clib/microlib/string/strncmp.c        0x00000000   Number         0  strncmp.o ABSOLUTE
    ../clib/microlib/string/strstr.c         0x00000000   Number         0  strstr.o ABSOLUTE
    ../clib/microlib/stubs.s                 0x00000000   Number         0  iusefp.o ABSOLUTE
    ../fplib/microlib/d2f.c                  0x00000000   Number         0  d2f.o ABSOLUTE
    ../fplib/microlib/f2d.c                  0x00000000   Number         0  f2d.o ABSOLUTE
    ../fplib/microlib/fpadd.c                0x00000000   Number         0  dadd.o ABSOLUTE
    ../fplib/microlib/fpadd.c                0x00000000   Number         0  fadd.o ABSOLUTE
    ../fplib/microlib/fpdiv.c                0x00000000   Number         0  fdiv.o ABSOLUTE
    ../fplib/microlib/fpdiv.c                0x00000000   Number         0  ddiv.o ABSOLUTE
    ../fplib/microlib/fpepilogue.c           0x00000000   Number         0  depilogue.o ABSOLUTE
    ../fplib/microlib/fpepilogue.c           0x00000000   Number         0  fepilogue.o ABSOLUTE
    ../fplib/microlib/fpfix.c                0x00000000   Number         0  ffixui.o ABSOLUTE
    ../fplib/microlib/fpfix.c                0x00000000   Number         0  dfixi.o ABSOLUTE
    ../fplib/microlib/fpfix.c                0x00000000   Number         0  dfixui.o ABSOLUTE
    ../fplib/microlib/fpfix.c                0x00000000   Number         0  dfixul.o ABSOLUTE
    ../fplib/microlib/fpflt.c                0x00000000   Number         0  ffltui.o ABSOLUTE
    ../fplib/microlib/fpflt.c                0x00000000   Number         0  dflti.o ABSOLUTE
    ../fplib/microlib/fpflt.c                0x00000000   Number         0  dfltui.o ABSOLUTE
    ../fplib/microlib/fpflt.c                0x00000000   Number         0  fflti.o ABSOLUTE
    ../fplib/microlib/fpmul.c                0x00000000   Number         0  dmul.o ABSOLUTE
    ../fplib/microlib/fpmul.c                0x00000000   Number         0  fmul.o ABSOLUTE
    ../fplib/microlib/fpscalb.c              0x00000000   Number         0  dscalb.o ABSOLUTE
    ../fplib/microlib/fpsqrt.c               0x00000000   Number         0  dsqrt.o ABSOLUTE
    ../mathlib/dunder.c                      0x00000000   Number         0  dunder.o ABSOLUTE
    ../mathlib/floor.c                       0x00000000   Number         0  floor.o ABSOLUTE
    ../mathlib/fpclassify.c                  0x00000000   Number         0  fpclassify.o ABSOLUTE
    ../mathlib/poly.c                        0x00000000   Number         0  poly.o ABSOLUTE
    ../mathlib/pow.c                         0x00000000   Number         0  pow_x.o ABSOLUTE
    ../mathlib/pow.c                         0x00000000   Number         0  pow.o ABSOLUTE
    ../mathlib/qnan.c                        0x00000000   Number         0  qnan.o ABSOLUTE
    ../mathlib/sqrt.c                        0x00000000   Number         0  sqrt.o ABSOLUTE
    ../mathlib/sqrt.c                        0x00000000   Number         0  sqrt_x.o ABSOLUTE
    ..\Libraries\CMSIS\core_cm3.c            0x00000000   Number         0  core_cm3.o ABSOLUTE
    ..\Libraries\CMSIS\startup\startup_stm32f10x_md.s 0x00000000   Number         0  startup_stm32f10x_md.o ABSOLUTE
    ..\Libraries\CMSIS\system_stm32f10x.c    0x00000000   Number         0  system_stm32f10x.o ABSOLUTE
    ..\Libraries\src\misc.c                  0x00000000   Number         0  misc.o ABSOLUTE
    ..\Libraries\src\stm32f10x_adc.c         0x00000000   Number         0  stm32f10x_adc.o ABSOLUTE
    ..\Libraries\src\stm32f10x_bkp.c         0x00000000   Number         0  stm32f10x_bkp.o ABSOLUTE
    ..\Libraries\src\stm32f10x_can.c         0x00000000   Number         0  stm32f10x_can.o ABSOLUTE
    ..\Libraries\src\stm32f10x_cec.c         0x00000000   Number         0  stm32f10x_cec.o ABSOLUTE
    ..\Libraries\src\stm32f10x_crc.c         0x00000000   Number         0  stm32f10x_crc.o ABSOLUTE
    ..\Libraries\src\stm32f10x_dac.c         0x00000000   Number         0  stm32f10x_dac.o ABSOLUTE
    ..\Libraries\src\stm32f10x_dbgmcu.c      0x00000000   Number         0  stm32f10x_dbgmcu.o ABSOLUTE
    ..\Libraries\src\stm32f10x_dma.c         0x00000000   Number         0  stm32f10x_dma.o ABSOLUTE
    ..\Libraries\src\stm32f10x_exti.c        0x00000000   Number         0  stm32f10x_exti.o ABSOLUTE
    ..\Libraries\src\stm32f10x_flash.c       0x00000000   Number         0  stm32f10x_flash.o ABSOLUTE
    ..\Libraries\src\stm32f10x_fsmc.c        0x00000000   Number         0  stm32f10x_fsmc.o ABSOLUTE
    ..\Libraries\src\stm32f10x_gpio.c        0x00000000   Number         0  stm32f10x_gpio.o ABSOLUTE
    ..\Libraries\src\stm32f10x_i2c.c         0x00000000   Number         0  stm32f10x_i2c.o ABSOLUTE
    ..\Libraries\src\stm32f10x_iwdg.c        0x00000000   Number         0  stm32f10x_iwdg.o ABSOLUTE
    ..\Libraries\src\stm32f10x_pwr.c         0x00000000   Number         0  stm32f10x_pwr.o ABSOLUTE
    ..\Libraries\src\stm32f10x_rcc.c         0x00000000   Number         0  stm32f10x_rcc.o ABSOLUTE
    ..\Libraries\src\stm32f10x_rtc.c         0x00000000   Number         0  stm32f10x_rtc.o ABSOLUTE
    ..\Libraries\src\stm32f10x_sdio.c        0x00000000   Number         0  stm32f10x_sdio.o ABSOLUTE
    ..\Libraries\src\stm32f10x_spi.c         0x00000000   Number         0  stm32f10x_spi.o ABSOLUTE
    ..\Libraries\src\stm32f10x_tim.c         0x00000000   Number         0  stm32f10x_tim.o ABSOLUTE
    ..\Libraries\src\stm32f10x_usart.c       0x00000000   Number         0  stm32f10x_usart.o ABSOLUTE
    ..\Libraries\src\stm32f10x_wwdg.c        0x00000000   Number         0  stm32f10x_wwdg.o ABSOLUTE
    ..\User\Common\Common.c                  0x00000000   Number         0  common.o ABSOLUTE
    ..\User\DHT11\dht11.c                    0x00000000   Number         0  dht11.o ABSOLUTE
    ..\User\MQ4.c                            0x00000000   Number         0  mq4.o ABSOLUTE
    ..\User\bc20.c                           0x00000000   Number         0  bc20.o ABSOLUTE
    ..\User\cJSON\cJSON.c                    0x00000000   Number         0  cjson.o ABSOLUTE
    ..\User\delay\delay.c                    0x00000000   Number         0  delay.o ABSOLUTE
    ..\User\esp8266\esp8266.c                0x00000000   Number         0  esp8266.o ABSOLUTE
    ..\User\main.c                           0x00000000   Number         0  main.o ABSOLUTE
    ..\User\stm32f10x_it.c                   0x00000000   Number         0  stm32f10x_it.o ABSOLUTE
    ..\User\sys\sys.c                        0x00000000   Number         0  sys.o ABSOLUTE
    ..\User\usart\usart.c                    0x00000000   Number         0  usart.o ABSOLUTE
    ..\\Libraries\\CMSIS\\core_cm3.c         0x00000000   Number         0  core_cm3.o ABSOLUTE
    cdcmple.s                                0x00000000   Number         0  cdcmple.o ABSOLUTE
    cdrcmple.s                               0x00000000   Number         0  cdrcmple.o ABSOLUTE
    dc.s                                     0x00000000   Number         0  dc.o ABSOLUTE
    handlers.s                               0x00000000   Number         0  handlers.o ABSOLUTE
    httpPost.c                               0x00000000   Number         0  httppost.o ABSOLUTE
    init.s                                   0x00000000   Number         0  init.o ABSOLUTE
    userfunc.c                               0x00000000   Number         0  userfunc.o ABSOLUTE
    RESET                                    0x08000000   Section      236  startup_stm32f10x_md.o(RESET)
    .ARM.Collect$$$$00000000                 0x080000ec   Section        0  entry.o(.ARM.Collect$$$$00000000)
    .ARM.Collect$$$$00000001                 0x080000ec   Section        4  entry2.o(.ARM.Collect$$$$00000001)
    .ARM.Collect$$$$00000004                 0x080000f0   Section        4  entry5.o(.ARM.Collect$$$$00000004)
    .ARM.Collect$$$$00000008                 0x080000f4   Section        0  entry7b.o(.ARM.Collect$$$$00000008)
    .ARM.Collect$$$$0000000A                 0x080000f4   Section        0  entry8b.o(.ARM.Collect$$$$0000000A)
    .ARM.Collect$$$$0000000B                 0x080000f4   Section        8  entry9a.o(.ARM.Collect$$$$0000000B)
    .ARM.Collect$$$$0000000D                 0x080000fc   Section        0  entry10a.o(.ARM.Collect$$$$0000000D)
    .ARM.Collect$$$$0000000F                 0x080000fc   Section        0  entry11a.o(.ARM.Collect$$$$0000000F)
    .ARM.Collect$$$$00002712                 0x080000fc   Section        4  entry2.o(.ARM.Collect$$$$00002712)
    __lit__00000000                          0x080000fc   Data           4  entry2.o(.ARM.Collect$$$$00002712)
    .text                                    0x08000100   Section       36  startup_stm32f10x_md.o(.text)
    .text                                    0x08000124   Section        0  memcpya.o(.text)
    .text                                    0x08000148   Section        0  memseta.o(.text)
    .text                                    0x0800016c   Section        0  strcat.o(.text)
    .text                                    0x08000184   Section        0  strstr.o(.text)
    .text                                    0x080001a8   Section        0  strchr.o(.text)
    .text                                    0x080001bc   Section        0  strlen.o(.text)
    .text                                    0x080001ca   Section        0  strcmp.o(.text)
    .text                                    0x080001e6   Section        0  strcpy.o(.text)
    .text                                    0x080001f8   Section        0  fadd.o(.text)
    .text                                    0x080002a8   Section        0  fmul.o(.text)
    .text                                    0x0800030c   Section        0  fdiv.o(.text)
    .text                                    0x08000388   Section        0  dadd.o(.text)
    .text                                    0x080004d6   Section        0  dmul.o(.text)
    .text                                    0x080005ba   Section        0  ddiv.o(.text)
    .text                                    0x08000698   Section        0  fflti.o(.text)
    .text                                    0x080006aa   Section        0  ffltui.o(.text)
    .text                                    0x080006b4   Section        0  dflti.o(.text)
    .text                                    0x080006d6   Section        0  dfltui.o(.text)
    .text                                    0x080006f0   Section        0  ffixui.o(.text)
    .text                                    0x08000718   Section        0  dfixi.o(.text)
    .text                                    0x08000756   Section        0  dfixui.o(.text)
    .text                                    0x08000788   Section        0  f2d.o(.text)
    .text                                    0x080007b0   Section       48  cdcmple.o(.text)
    .text                                    0x080007e0   Section       48  cdrcmple.o(.text)
    .text                                    0x08000810   Section        0  d2f.o(.text)
    .text                                    0x08000848   Section        0  uidiv.o(.text)
    .text                                    0x08000874   Section        0  uldiv.o(.text)
    .text                                    0x080008d6   Section        0  llshl.o(.text)
    .text                                    0x080008f4   Section        0  llushr.o(.text)
    .text                                    0x08000914   Section        0  llsshr.o(.text)
    .text                                    0x08000938   Section        0  iusefp.o(.text)
    .text                                    0x08000938   Section        0  fepilogue.o(.text)
    .text                                    0x080009a6   Section        0  depilogue.o(.text)
    .text                                    0x08000a60   Section        0  dfixul.o(.text)
    .text                                    0x08000a90   Section       36  init.o(.text)
    i.ADC_Cmd                                0x08000ab4   Section        0  stm32f10x_adc.o(i.ADC_Cmd)
    i.ADC_DeInit                             0x08000acc   Section        0  stm32f10x_adc.o(i.ADC_DeInit)
    i.ADC_GetCalibrationStatus               0x08000b28   Section        0  stm32f10x_adc.o(i.ADC_GetCalibrationStatus)
    i.ADC_GetConversionValue                 0x08000b3c   Section        0  stm32f10x_adc.o(i.ADC_GetConversionValue)
    i.ADC_GetFlagStatus                      0x08000b44   Section        0  stm32f10x_adc.o(i.ADC_GetFlagStatus)
    i.ADC_GetResetCalibrationStatus          0x08000b56   Section        0  stm32f10x_adc.o(i.ADC_GetResetCalibrationStatus)
    i.ADC_Init                               0x08000b6c   Section        0  stm32f10x_adc.o(i.ADC_Init)
    i.ADC_RegularChannelConfig               0x08000bbc   Section        0  stm32f10x_adc.o(i.ADC_RegularChannelConfig)
    i.ADC_ResetCalibration                   0x08000c74   Section        0  stm32f10x_adc.o(i.ADC_ResetCalibration)
    i.ADC_SoftwareStartConvCmd               0x08000c7e   Section        0  stm32f10x_adc.o(i.ADC_SoftwareStartConvCmd)
    i.ADC_StartCalibration                   0x08000c94   Section        0  stm32f10x_adc.o(i.ADC_StartCalibration)
    i.B20_GNSS_INIT                          0x08000ca0   Section        0  bc20.o(i.B20_GNSS_INIT)
    i.BC20HTTP_postBody                      0x08000d00   Section        0  userfunc.o(i.BC20HTTP_postBody)
    i.BC20_CloseSingle                       0x08000d9c   Section        0  bc20.o(i.BC20_CloseSingle)
    i.BC20_LINK_SERVER                       0x08000ddc   Section        0  bc20.o(i.BC20_LINK_SERVER)
    i.BC20_TEST                              0x08000e74   Section        0  userfunc.o(i.BC20_TEST)
    i.BC20_sendHex                           0x08000f50   Section        0  bc20.o(i.BC20_sendHex)
    i.BusFault_Handler                       0x08000fb4   Section        0  stm32f10x_it.o(i.BusFault_Handler)
    i.DHT11_Check                            0x08000fb8   Section        0  dht11.o(i.DHT11_Check)
    i.DHT11_Init                             0x0800101c   Section        0  dht11.o(i.DHT11_Init)
    i.DHT11_Read_Bit                         0x08001054   Section        0  dht11.o(i.DHT11_Read_Bit)
    i.DHT11_Read_Byte                        0x080010a0   Section        0  dht11.o(i.DHT11_Read_Byte)
    i.DHT11_Read_Data                        0x080010be   Section        0  dht11.o(i.DHT11_Read_Data)
    i.DHT11_Rst                              0x08001118   Section        0  dht11.o(i.DHT11_Rst)
    i.DebugMon_Handler                       0x08001158   Section        0  stm32f10x_it.o(i.DebugMon_Handler)
    i.ESP8266_Cmd                            0x0800115c   Section        0  esp8266.o(i.ESP8266_Cmd)
    i.ESP8266_GPIO_Config                    0x08001214   Section        0  esp8266.o(i.ESP8266_GPIO_Config)
    ESP8266_GPIO_Config                      0x08001215   Thumb Code    60  esp8266.o(i.ESP8266_GPIO_Config)
    i.ESP8266_Init                           0x08001254   Section        0  esp8266.o(i.ESP8266_Init)
    i.ESP8266_USART_Config                   0x08001260   Section        0  esp8266.o(i.ESP8266_USART_Config)
    ESP8266_USART_Config                     0x08001261   Thumb Code   144  esp8266.o(i.ESP8266_USART_Config)
    i.ESP8266_USART_NVIC_Configuration       0x080012f8   Section        0  esp8266.o(i.ESP8266_USART_NVIC_Configuration)
    ESP8266_USART_NVIC_Configuration         0x080012f9   Thumb Code    40  esp8266.o(i.ESP8266_USART_NVIC_Configuration)
    i.GNSS_Open                              0x08001320   Section        0  bc20.o(i.GNSS_Open)
    i.GPIO_Init                              0x08001370   Section        0  stm32f10x_gpio.o(i.GPIO_Init)
    i.GetMQ4Value                            0x08001488   Section        0  mq4.o(i.GetMQ4Value)
    i.Getdata_Change                         0x08001544   Section        0  bc20.o(i.Getdata_Change)
    i.HardFault_Handler                      0x080018dc   Section        0  stm32f10x_it.o(i.HardFault_Handler)
    i.INT_ALL                                0x080018e0   Section        0  userfunc.o(i.INT_ALL)
    i.MQ4_ADC_init                           0x08001960   Section        0  mq4.o(i.MQ4_ADC_init)
    i.MemManage_Handler                      0x08001a08   Section        0  stm32f10x_it.o(i.MemManage_Handler)
    i.NMI_Handler                            0x08001a0c   Section        0  stm32f10x_it.o(i.NMI_Handler)
    i.NVIC_Configuration                     0x08001a0e   Section        0  usart.o(i.NVIC_Configuration)
    NVIC_Configuration                       0x08001a0f   Thumb Code    38  usart.o(i.NVIC_Configuration)
    i.NVIC_Init                              0x08001a34   Section        0  misc.o(i.NVIC_Init)
    i.NVIC_PriorityGroupConfig               0x08001aa4   Section        0  misc.o(i.NVIC_PriorityGroupConfig)
    i.PendSV_Handler                         0x08001ab8   Section        0  stm32f10x_it.o(i.PendSV_Handler)
    i.RCC_ADCCLKConfig                       0x08001abc   Section        0  stm32f10x_rcc.o(i.RCC_ADCCLKConfig)
    i.RCC_APB1PeriphClockCmd                 0x08001ad4   Section        0  stm32f10x_rcc.o(i.RCC_APB1PeriphClockCmd)
    i.RCC_APB2PeriphClockCmd                 0x08001af4   Section        0  stm32f10x_rcc.o(i.RCC_APB2PeriphClockCmd)
    i.RCC_APB2PeriphResetCmd                 0x08001b14   Section        0  stm32f10x_rcc.o(i.RCC_APB2PeriphResetCmd)
    i.RCC_GetClocksFreq                      0x08001b34   Section        0  stm32f10x_rcc.o(i.RCC_GetClocksFreq)
    i.SVC_Handler                            0x08001c08   Section        0  stm32f10x_it.o(i.SVC_Handler)
    i.SetSysClock                            0x08001c0a   Section        0  system_stm32f10x.o(i.SetSysClock)
    SetSysClock                              0x08001c0b   Thumb Code     8  system_stm32f10x.o(i.SetSysClock)
    i.SetSysClockTo72                        0x08001c14   Section        0  system_stm32f10x.o(i.SetSysClockTo72)
    SetSysClockTo72                          0x08001c15   Thumb Code   214  system_stm32f10x.o(i.SetSysClockTo72)
    i.Str2Hex                                0x08001cf4   Section        0  bc20.o(i.Str2Hex)
    i.SysTick_Handler                        0x08001d48   Section        0  stm32f10x_it.o(i.SysTick_Handler)
    i.SystemInit                             0x08001d4c   Section        0  system_stm32f10x.o(i.SystemInit)
    i.USART1_IRQHandler                      0x08001dac   Section        0  stm32f10x_it.o(i.USART1_IRQHandler)
    i.USART2_IRQHandler                      0x08001dd0   Section        0  stm32f10x_it.o(i.USART2_IRQHandler)
    i.USART_Cmd                              0x08001e70   Section        0  stm32f10x_usart.o(i.USART_Cmd)
    i.USART_Config                           0x08001e88   Section        0  usart.o(i.USART_Config)
    i.USART_GetFlagStatus                    0x08001f18   Section        0  stm32f10x_usart.o(i.USART_GetFlagStatus)
    i.USART_GetITStatus                      0x08001f32   Section        0  stm32f10x_usart.o(i.USART_GetITStatus)
    i.USART_ITConfig                         0x08001f86   Section        0  stm32f10x_usart.o(i.USART_ITConfig)
    i.USART_Init                             0x08001fd0   Section        0  stm32f10x_usart.o(i.USART_Init)
    i.USART_ReceiveData                      0x080020a8   Section        0  stm32f10x_usart.o(i.USART_ReceiveData)
    i.USART_SendData                         0x080020b2   Section        0  stm32f10x_usart.o(i.USART_SendData)
    i.USART_printf                           0x080020ba   Section        0  common.o(i.USART_printf)
    i.UsageFault_Handler                     0x080021c0   Section        0  stm32f10x_it.o(i.UsageFault_Handler)
    i.Value2Hex                              0x080021c4   Section        0  bc20.o(i.Value2Hex)
    i.__0printf                              0x08002218   Section        0  printfa.o(i.__0printf)
    i.__0sprintf                             0x08002238   Section        0  printfa.o(i.__0sprintf)
    i.__scatterload_copy                     0x08002260   Section       14  handlers.o(i.__scatterload_copy)
    i.__scatterload_null                     0x0800226e   Section        2  handlers.o(i.__scatterload_null)
    i.__scatterload_zeroinit                 0x08002270   Section       14  handlers.o(i.__scatterload_zeroinit)
    i._fp_digits                             0x08002280   Section        0  printfa.o(i._fp_digits)
    _fp_digits                               0x08002281   Thumb Code   366  printfa.o(i._fp_digits)
    i._printf_core                           0x08002404   Section        0  printfa.o(i._printf_core)
    _printf_core                             0x08002405   Thumb Code  1744  printfa.o(i._printf_core)
    i._printf_post_padding                   0x08002ae0   Section        0  printfa.o(i._printf_post_padding)
    _printf_post_padding                     0x08002ae1   Thumb Code    36  printfa.o(i._printf_post_padding)
    i._printf_pre_padding                    0x08002b04   Section        0  printfa.o(i._printf_pre_padding)
    _printf_pre_padding                      0x08002b05   Thumb Code    46  printfa.o(i._printf_pre_padding)
    i._sputc                                 0x08002b32   Section        0  printfa.o(i._sputc)
    _sputc                                   0x08002b33   Thumb Code    10  printfa.o(i._sputc)
    i.bc20_AT_Test                           0x08002b3c   Section        0  bc20.o(i.bc20_AT_Test)
    i.bc20_GPIO_USART_init                   0x08002bbc   Section        0  bc20.o(i.bc20_GPIO_USART_init)
    i.bc20_Start_int                         0x08002bc4   Section        0  bc20.o(i.bc20_Start_int)
    i.cJSON_AddItemToArray                   0x08002c74   Section        0  cjson.o(i.cJSON_AddItemToArray)
    i.cJSON_AddItemToObject                  0x08002ca0   Section        0  cjson.o(i.cJSON_AddItemToObject)
    i.cJSON_CreateNumber                     0x08002cd0   Section        0  cjson.o(i.cJSON_CreateNumber)
    i.cJSON_CreateObject                     0x08002cf4   Section        0  cjson.o(i.cJSON_CreateObject)
    i.cJSON_CreateString                     0x08002d06   Section        0  cjson.o(i.cJSON_CreateString)
    i.cJSON_Delete                           0x08002d24   Section        0  cjson.o(i.cJSON_Delete)
    i.cJSON_New_Item                         0x08002d7c   Section        0  cjson.o(i.cJSON_New_Item)
    cJSON_New_Item                           0x08002d7d   Thumb Code    26  cjson.o(i.cJSON_New_Item)
    i.cJSON_Print                            0x08002d9c   Section        0  cjson.o(i.cJSON_Print)
    i.cJSON_strdup                           0x08002db0   Section        0  cjson.o(i.cJSON_strdup)
    cJSON_strdup                             0x08002db1   Thumb Code    40  cjson.o(i.cJSON_strdup)
    i.delay_ms                               0x08002ddc   Section        0  delay.o(i.delay_ms)
    i.delay_us                               0x08002df6   Section        0  delay.o(i.delay_us)
    i.ensure                                 0x08002e24   Section        0  cjson.o(i.ensure)
    ensure                                   0x08002e25   Thumb Code   104  cjson.o(i.ensure)
    i.floor                                  0x08002e94   Section        0  floor.o(i.floor)
    i.fputc                                  0x08002f70   Section        0  usart.o(i.fputc)
    i.free                                   0x08002f94   Section        0  malloc.o(i.free)
    i.getAllDataOBJ                          0x08002fe4   Section        0  userfunc.o(i.getAllDataOBJ)
    i.getBC20_GNSSPWR_Address                0x08003070   Section        0  bc20.o(i.getBC20_GNSSPWR_Address)
    i.getBC20_Internet_status                0x080030c4   Section        0  bc20.o(i.getBC20_Internet_status)
    i.getBC20_Signal_strength                0x08003148   Section        0  bc20.o(i.getBC20_Signal_strength)
    i.getJSON_Data                           0x08003194   Section        0  userfunc.o(i.getJSON_Data)
    i.itoa                                   0x0800329c   Section        0  common.o(i.itoa)
    itoa                                     0x0800329d   Thumb Code    98  common.o(i.itoa)
    i.main                                   0x080032fe   Section        0  main.o(i.main)
    i.malloc                                 0x08003308   Section        0  malloc.o(i.malloc)
    i.postString                             0x08003374   Section        0  httppost.o(i.postString)
    i.pow2gt                                 0x0800347c   Section        0  cjson.o(i.pow2gt)
    pow2gt                                   0x0800347d   Thumb Code    28  cjson.o(i.pow2gt)
    i.print_array                            0x08003498   Section        0  cjson.o(i.print_array)
    print_array                              0x08003499   Thumb Code   578  cjson.o(i.print_array)
    i.print_number                           0x080036e8   Section        0  cjson.o(i.print_number)
    print_number                             0x080036e9   Thumb Code   342  cjson.o(i.print_number)
    i.print_object                           0x08003880   Section        0  cjson.o(i.print_object)
    print_object                             0x08003881   Thumb Code  1038  cjson.o(i.print_object)
    i.print_string                           0x08003c98   Section        0  cjson.o(i.print_string)
    print_string                             0x08003c99   Thumb Code    16  cjson.o(i.print_string)
    i.print_string_ptr                       0x08003ca8   Section        0  cjson.o(i.print_string_ptr)
    print_string_ptr                         0x08003ca9   Thumb Code   442  cjson.o(i.print_string_ptr)
    i.print_value                            0x08003e7c   Section        0  cjson.o(i.print_value)
    print_value                              0x08003e7d   Thumb Code   278  cjson.o(i.print_value)
    i.suffix_object                          0x08003fac   Section        0  cjson.o(i.suffix_object)
    suffix_object                            0x08003fad   Thumb Code     6  cjson.o(i.suffix_object)
    i.update                                 0x08003fb2   Section        0  cjson.o(i.update)
    update                                   0x08003fb3   Thumb Code    32  cjson.o(i.update)
    .data                                    0x20000000   Section       20  stm32f10x_rcc.o(.data)
    APBAHBPrescTable                         0x20000000   Data          16  stm32f10x_rcc.o(.data)
    ADCPrescTable                            0x20000010   Data           4  stm32f10x_rcc.o(.data)
    .data                                    0x20000014   Section        1  esp8266.o(.data)
    .data                                    0x20000018   Section        8  bc20.o(.data)
    .data                                    0x20000020   Section       12  cjson.o(.data)
    ep                                       0x20000020   Data           4  cjson.o(.data)
    cJSON_malloc                             0x20000024   Data           4  cjson.o(.data)
    cJSON_free                               0x20000028   Data           4  cjson.o(.data)
    .data                                    0x2000002c   Section        4  stdout.o(.data)
    .data                                    0x20000030   Section        4  mvars.o(.data)
    .data                                    0x20000034   Section        4  mvars.o(.data)
    .bss                                     0x20000038   Section     2526  esp8266.o(.bss)
    .bss                                     0x20000a18   Section      124  bc20.o(.bss)
    HEAP                                     0x20000a98   Section     4096  startup_stm32f10x_md.o(HEAP)
    STACK                                    0x20001a98   Section     1024  startup_stm32f10x_md.o(STACK)

    Global Symbols

    Symbol Name                              Value     Ov Type        Size  Object(Section)

    BuildAttributes$$THM_ISAv4$P$D$K$B$S$PE$A:L22UL41UL21$X:L11$S22US41US21$IEEE1$IW$USESV6$~STKCKD$USESV7$~SHL$OTIME$ROPI$IEEEX$EBA8$MICROLIB$REQ8$PRES8$EABIv2 0x00000000   Number         0  anon$$obj.o ABSOLUTE
    __ARM_use_no_argv                        0x00000000   Number         0  main.o ABSOLUTE
    _printf_a                                0x00000000   Number         0  stubs.o ABSOLUTE
    _printf_c                                0x00000000   Number         0  stubs.o ABSOLUTE
    _printf_charcount                        0x00000000   Number         0  stubs.o ABSOLUTE
    _printf_d                                0x00000000   Number         0  stubs.o ABSOLUTE
    _printf_e                                0x00000000   Number         0  stubs.o ABSOLUTE
    _printf_f                                0x00000000   Number         0  stubs.o ABSOLUTE
    _printf_flags                            0x00000000   Number         0  stubs.o ABSOLUTE
    _printf_fp_dec                           0x00000000   Number         0  stubs.o ABSOLUTE
    _printf_fp_hex                           0x00000000   Number         0  stubs.o ABSOLUTE
    _printf_g                                0x00000000   Number         0  stubs.o ABSOLUTE
    _printf_i                                0x00000000   Number         0  stubs.o ABSOLUTE
    _printf_int_dec                          0x00000000   Number         0  stubs.o ABSOLUTE
    _printf_l                                0x00000000   Number         0  stubs.o ABSOLUTE
    _printf_lc                               0x00000000   Number         0  stubs.o ABSOLUTE
    _printf_ll                               0x00000000   Number         0  stubs.o ABSOLUTE
    _printf_lld                              0x00000000   Number         0  stubs.o ABSOLUTE
    _printf_lli                              0x00000000   Number         0  stubs.o ABSOLUTE
    _printf_llo                              0x00000000   Number         0  stubs.o ABSOLUTE
    _printf_llu                              0x00000000   Number         0  stubs.o ABSOLUTE
    _printf_llx                              0x00000000   Number         0  stubs.o ABSOLUTE
    _printf_longlong_dec                     0x00000000   Number         0  stubs.o ABSOLUTE
    _printf_longlong_hex                     0x00000000   Number         0  stubs.o ABSOLUTE
    _printf_longlong_oct                     0x00000000   Number         0  stubs.o ABSOLUTE
    _printf_ls                               0x00000000   Number         0  stubs.o ABSOLUTE
    _printf_mbtowc                           0x00000000   Number         0  stubs.o ABSOLUTE
    _printf_n                                0x00000000   Number         0  stubs.o ABSOLUTE
    _printf_o                                0x00000000   Number         0  stubs.o ABSOLUTE
    _printf_p                                0x00000000   Number         0  stubs.o ABSOLUTE
    _printf_percent                          0x00000000   Number         0  stubs.o ABSOLUTE
    _printf_pre_padding                      0x00000000   Number         0  stubs.o ABSOLUTE
    _printf_return_value                     0x00000000   Number         0  stubs.o ABSOLUTE
    _printf_s                                0x00000000   Number         0  stubs.o ABSOLUTE
    _printf_sizespec                         0x00000000   Number         0  stubs.o ABSOLUTE
    _printf_str                              0x00000000   Number         0  stubs.o ABSOLUTE
    _printf_truncate_signed                  0x00000000   Number         0  stubs.o ABSOLUTE
    _printf_truncate_unsigned                0x00000000   Number         0  stubs.o ABSOLUTE
    _printf_u                                0x00000000   Number         0  stubs.o ABSOLUTE
    _printf_wc                               0x00000000   Number         0  stubs.o ABSOLUTE
    _printf_wctomb                           0x00000000   Number         0  stubs.o ABSOLUTE
    _printf_widthprec                        0x00000000   Number         0  stubs.o ABSOLUTE
    _printf_x                                0x00000000   Number         0  stubs.o ABSOLUTE
    __cpp_initialize__aeabi_                  - Undefined Weak Reference
    __cxa_finalize                            - Undefined Weak Reference
    __decompress                              - Undefined Weak Reference
    _clock_init                               - Undefined Weak Reference
    _microlib_exit                            - Undefined Weak Reference
    __Vectors_Size                           0x000000ec   Number         0  startup_stm32f10x_md.o ABSOLUTE
    __Vectors                                0x08000000   Data           4  startup_stm32f10x_md.o(RESET)
    __Vectors_End                            0x080000ec   Data           0  startup_stm32f10x_md.o(RESET)
    __main                                   0x080000ed   Thumb Code     0  entry.o(.ARM.Collect$$$$00000000)
    _main_stk                                0x080000ed   Thumb Code     0  entry2.o(.ARM.Collect$$$$00000001)
    _main_scatterload                        0x080000f1   Thumb Code     0  entry5.o(.ARM.Collect$$$$00000004)
    __main_after_scatterload                 0x080000f5   Thumb Code     0  entry5.o(.ARM.Collect$$$$00000004)
    _main_clock                              0x080000f5   Thumb Code     0  entry7b.o(.ARM.Collect$$$$00000008)
    _main_cpp_init                           0x080000f5   Thumb Code     0  entry8b.o(.ARM.Collect$$$$0000000A)
    _main_init                               0x080000f5   Thumb Code     0  entry9a.o(.ARM.Collect$$$$0000000B)
    __rt_final_cpp                           0x080000fd   Thumb Code     0  entry10a.o(.ARM.Collect$$$$0000000D)
    __rt_final_exit                          0x080000fd   Thumb Code     0  entry11a.o(.ARM.Collect$$$$0000000F)
    Reset_Handler                            0x08000101   Thumb Code     8  startup_stm32f10x_md.o(.text)
    ADC1_2_IRQHandler                        0x0800011b   Thumb Code     0  startup_stm32f10x_md.o(.text)
    CAN1_RX1_IRQHandler                      0x0800011b   Thumb Code     0  startup_stm32f10x_md.o(.text)
    CAN1_SCE_IRQHandler                      0x0800011b   Thumb Code     0  startup_stm32f10x_md.o(.text)
    DMA1_Channel1_IRQHandler                 0x0800011b   Thumb Code     0  startup_stm32f10x_md.o(.text)
    DMA1_Channel2_IRQHandler                 0x0800011b   Thumb Code     0  startup_stm32f10x_md.o(.text)
    DMA1_Channel3_IRQHandler                 0x0800011b   Thumb Code     0  startup_stm32f10x_md.o(.text)
    DMA1_Channel4_IRQHandler                 0x0800011b   Thumb Code     0  startup_stm32f10x_md.o(.text)
    DMA1_Channel5_IRQHandler                 0x0800011b   Thumb Code     0  startup_stm32f10x_md.o(.text)
    DMA1_Channel6_IRQHandler                 0x0800011b   Thumb Code     0  startup_stm32f10x_md.o(.text)
    DMA1_Channel7_IRQHandler                 0x0800011b   Thumb Code     0  startup_stm32f10x_md.o(.text)
    EXTI0_IRQHandler                         0x0800011b   Thumb Code     0  startup_stm32f10x_md.o(.text)
    EXTI15_10_IRQHandler                     0x0800011b   Thumb Code     0  startup_stm32f10x_md.o(.text)
    EXTI1_IRQHandler                         0x0800011b   Thumb Code     0  startup_stm32f10x_md.o(.text)
    EXTI2_IRQHandler                         0x0800011b   Thumb Code     0  startup_stm32f10x_md.o(.text)
    EXTI3_IRQHandler                         0x0800011b   Thumb Code     0  startup_stm32f10x_md.o(.text)
    EXTI4_IRQHandler                         0x0800011b   Thumb Code     0  startup_stm32f10x_md.o(.text)
    EXTI9_5_IRQHandler                       0x0800011b   Thumb Code     0  startup_stm32f10x_md.o(.text)
    FLASH_IRQHandler                         0x0800011b   Thumb Code     0  startup_stm32f10x_md.o(.text)
    I2C1_ER_IRQHandler                       0x0800011b   Thumb Code     0  startup_stm32f10x_md.o(.text)
    I2C1_EV_IRQHandler                       0x0800011b   Thumb Code     0  startup_stm32f10x_md.o(.text)
    I2C2_ER_IRQHandler                       0x0800011b   Thumb Code     0  startup_stm32f10x_md.o(.text)
    I2C2_EV_IRQHandler                       0x0800011b   Thumb Code     0  startup_stm32f10x_md.o(.text)
    PVD_IRQHandler                           0x0800011b   Thumb Code     0  startup_stm32f10x_md.o(.text)
    RCC_IRQHandler                           0x0800011b   Thumb Code     0  startup_stm32f10x_md.o(.text)
    RTCAlarm_IRQHandler                      0x0800011b   Thumb Code     0  startup_stm32f10x_md.o(.text)
    RTC_IRQHandler                           0x0800011b   Thumb Code     0  startup_stm32f10x_md.o(.text)
    SPI1_IRQHandler                          0x0800011b   Thumb Code     0  startup_stm32f10x_md.o(.text)
    SPI2_IRQHandler                          0x0800011b   Thumb Code     0  startup_stm32f10x_md.o(.text)
    TAMPER_IRQHandler                        0x0800011b   Thumb Code     0  startup_stm32f10x_md.o(.text)
    TIM1_BRK_IRQHandler                      0x0800011b   Thumb Code     0  startup_stm32f10x_md.o(.text)
    TIM1_CC_IRQHandler                       0x0800011b   Thumb Code     0  startup_stm32f10x_md.o(.text)
    TIM1_TRG_COM_IRQHandler                  0x0800011b   Thumb Code     0  startup_stm32f10x_md.o(.text)
    TIM1_UP_IRQHandler                       0x0800011b   Thumb Code     0  startup_stm32f10x_md.o(.text)
    TIM2_IRQHandler                          0x0800011b   Thumb Code     0  startup_stm32f10x_md.o(.text)
    TIM3_IRQHandler                          0x0800011b   Thumb Code     0  startup_stm32f10x_md.o(.text)
    TIM4_IRQHandler                          0x0800011b   Thumb Code     0  startup_stm32f10x_md.o(.text)
    USART3_IRQHandler                        0x0800011b   Thumb Code     0  startup_stm32f10x_md.o(.text)
    USBWakeUp_IRQHandler                     0x0800011b   Thumb Code     0  startup_stm32f10x_md.o(.text)
    USB_HP_CAN1_TX_IRQHandler                0x0800011b   Thumb Code     0  startup_stm32f10x_md.o(.text)
    USB_LP_CAN1_RX0_IRQHandler               0x0800011b   Thumb Code     0  startup_stm32f10x_md.o(.text)
    WWDG_IRQHandler                          0x0800011b   Thumb Code     0  startup_stm32f10x_md.o(.text)
    __aeabi_memcpy                           0x08000125   Thumb Code    36  memcpya.o(.text)
    __aeabi_memcpy4                          0x08000125   Thumb Code     0  memcpya.o(.text)
    __aeabi_memcpy8                          0x08000125   Thumb Code     0  memcpya.o(.text)
    __aeabi_memset                           0x08000149   Thumb Code    14  memseta.o(.text)
    __aeabi_memset4                          0x08000149   Thumb Code     0  memseta.o(.text)
    __aeabi_memset8                          0x08000149   Thumb Code     0  memseta.o(.text)
    __aeabi_memclr                           0x08000157   Thumb Code     4  memseta.o(.text)
    __aeabi_memclr4                          0x08000157   Thumb Code     0  memseta.o(.text)
    __aeabi_memclr8                          0x08000157   Thumb Code     0  memseta.o(.text)
    _memset$wrapper                          0x0800015b   Thumb Code    18  memseta.o(.text)
    strcat                                   0x0800016d   Thumb Code    24  strcat.o(.text)
    strstr                                   0x08000185   Thumb Code    36  strstr.o(.text)
    strchr                                   0x080001a9   Thumb Code    20  strchr.o(.text)
    strlen                                   0x080001bd   Thumb Code    14  strlen.o(.text)
    strcmp                                   0x080001cb   Thumb Code    28  strcmp.o(.text)
    strcpy                                   0x080001e7   Thumb Code    18  strcpy.o(.text)
    __aeabi_fadd                             0x080001f9   Thumb Code   164  fadd.o(.text)
    __aeabi_fsub                             0x0800029d   Thumb Code     6  fadd.o(.text)
    __aeabi_frsub                            0x080002a3   Thumb Code     6  fadd.o(.text)
    __aeabi_fmul                             0x080002a9   Thumb Code   100  fmul.o(.text)
    __aeabi_fdiv                             0x0800030d   Thumb Code   124  fdiv.o(.text)
    __aeabi_dadd                             0x08000389   Thumb Code   322  dadd.o(.text)
    __aeabi_dsub                             0x080004cb   Thumb Code     6  dadd.o(.text)
    __aeabi_drsub                            0x080004d1   Thumb Code     6  dadd.o(.text)
    __aeabi_dmul                             0x080004d7   Thumb Code   228  dmul.o(.text)
    __aeabi_ddiv                             0x080005bb   Thumb Code   222  ddiv.o(.text)
    __aeabi_i2f                              0x08000699   Thumb Code    18  fflti.o(.text)
    __aeabi_ui2f                             0x080006ab   Thumb Code    10  ffltui.o(.text)
    __aeabi_i2d                              0x080006b5   Thumb Code    34  dflti.o(.text)
    __aeabi_ui2d                             0x080006d7   Thumb Code    26  dfltui.o(.text)
    __aeabi_f2uiz                            0x080006f1   Thumb Code    40  ffixui.o(.text)
    __aeabi_d2iz                             0x08000719   Thumb Code    62  dfixi.o(.text)
    __aeabi_d2uiz                            0x08000757   Thumb Code    50  dfixui.o(.text)
    __aeabi_f2d                              0x08000789   Thumb Code    38  f2d.o(.text)
    __aeabi_cdcmpeq                          0x080007b1   Thumb Code     0  cdcmple.o(.text)
    __aeabi_cdcmple                          0x080007b1   Thumb Code    48  cdcmple.o(.text)
    __aeabi_cdrcmple                         0x080007e1   Thumb Code    48  cdrcmple.o(.text)
    __aeabi_d2f                              0x08000811   Thumb Code    56  d2f.o(.text)
    __aeabi_uidiv                            0x08000849   Thumb Code     0  uidiv.o(.text)
    __aeabi_uidivmod                         0x08000849   Thumb Code    44  uidiv.o(.text)
    __aeabi_uldivmod                         0x08000875   Thumb Code    98  uldiv.o(.text)
    __aeabi_llsl                             0x080008d7   Thumb Code    30  llshl.o(.text)
    _ll_shift_l                              0x080008d7   Thumb Code     0  llshl.o(.text)
    __aeabi_llsr                             0x080008f5   Thumb Code    32  llushr.o(.text)
    _ll_ushift_r                             0x080008f5   Thumb Code     0  llushr.o(.text)
    __aeabi_lasr                             0x08000915   Thumb Code    36  llsshr.o(.text)
    _ll_sshift_r                             0x08000915   Thumb Code     0  llsshr.o(.text)
    __I$use$fp                               0x08000939   Thumb Code     0  iusefp.o(.text)
    _float_round                             0x08000939   Thumb Code    18  fepilogue.o(.text)
    _float_epilogue                          0x0800094b   Thumb Code    92  fepilogue.o(.text)
    _double_round                            0x080009a7   Thumb Code    30  depilogue.o(.text)
    _double_epilogue                         0x080009c5   Thumb Code   156  depilogue.o(.text)
    __aeabi_d2ulz                            0x08000a61   Thumb Code    48  dfixul.o(.text)
    __scatterload                            0x08000a91   Thumb Code    28  init.o(.text)
    __scatterload_rt2                        0x08000a91   Thumb Code     0  init.o(.text)
    ADC_Cmd                                  0x08000ab5   Thumb Code    22  stm32f10x_adc.o(i.ADC_Cmd)
    ADC_DeInit                               0x08000acd   Thumb Code    78  stm32f10x_adc.o(i.ADC_DeInit)
    ADC_GetCalibrationStatus                 0x08000b29   Thumb Code    20  stm32f10x_adc.o(i.ADC_GetCalibrationStatus)
    ADC_GetConversionValue                   0x08000b3d   Thumb Code     8  stm32f10x_adc.o(i.ADC_GetConversionValue)
    ADC_GetFlagStatus                        0x08000b45   Thumb Code    18  stm32f10x_adc.o(i.ADC_GetFlagStatus)
    ADC_GetResetCalibrationStatus            0x08000b57   Thumb Code    20  stm32f10x_adc.o(i.ADC_GetResetCalibrationStatus)
    ADC_Init                                 0x08000b6d   Thumb Code    70  stm32f10x_adc.o(i.ADC_Init)
    ADC_RegularChannelConfig                 0x08000bbd   Thumb Code   184  stm32f10x_adc.o(i.ADC_RegularChannelConfig)
    ADC_ResetCalibration                     0x08000c75   Thumb Code    10  stm32f10x_adc.o(i.ADC_ResetCalibration)
    ADC_SoftwareStartConvCmd                 0x08000c7f   Thumb Code    22  stm32f10x_adc.o(i.ADC_SoftwareStartConvCmd)
    ADC_StartCalibration                     0x08000c95   Thumb Code    10  stm32f10x_adc.o(i.ADC_StartCalibration)
    B20_GNSS_INIT                            0x08000ca1   Thumb Code    50  bc20.o(i.B20_GNSS_INIT)
    BC20HTTP_postBody                        0x08000d01   Thumb Code   106  userfunc.o(i.BC20HTTP_postBody)
    BC20_CloseSingle                         0x08000d9d   Thumb Code    34  bc20.o(i.BC20_CloseSingle)
    BC20_LINK_SERVER                         0x08000ddd   Thumb Code    90  bc20.o(i.BC20_LINK_SERVER)
    BC20_TEST                                0x08000e75   Thumb Code   118  userfunc.o(i.BC20_TEST)
    BC20_sendHex                             0x08000f51   Thumb Code    62  bc20.o(i.BC20_sendHex)
    BusFault_Handler                         0x08000fb5   Thumb Code     4  stm32f10x_it.o(i.BusFault_Handler)
    DHT11_Check                              0x08000fb9   Thumb Code    92  dht11.o(i.DHT11_Check)
    DHT11_Init                               0x0800101d   Thumb Code    46  dht11.o(i.DHT11_Init)
    DHT11_Read_Bit                           0x08001055   Thumb Code    70  dht11.o(i.DHT11_Read_Bit)
    DHT11_Read_Byte                          0x080010a1   Thumb Code    30  dht11.o(i.DHT11_Read_Byte)
    DHT11_Read_Data                          0x080010bf   Thumb Code    88  dht11.o(i.DHT11_Read_Data)
    DHT11_Rst                                0x08001119   Thumb Code    52  dht11.o(i.DHT11_Rst)
    DebugMon_Handler                         0x08001159   Thumb Code     2  stm32f10x_it.o(i.DebugMon_Handler)
    ESP8266_Cmd                              0x0800115d   Thumb Code   164  esp8266.o(i.ESP8266_Cmd)
    ESP8266_Init                             0x08001255   Thumb Code    12  esp8266.o(i.ESP8266_Init)
    GNSS_Open                                0x08001321   Thumb Code    38  bc20.o(i.GNSS_Open)
    GPIO_Init                                0x08001371   Thumb Code   278  stm32f10x_gpio.o(i.GPIO_Init)
    GetMQ4Value                              0x08001489   Thumb Code   142  mq4.o(i.GetMQ4Value)
    Getdata_Change                           0x08001545   Thumb Code   854  bc20.o(i.Getdata_Change)
    HardFault_Handler                        0x080018dd   Thumb Code     4  stm32f10x_it.o(i.HardFault_Handler)
    INT_ALL                                  0x080018e1   Thumb Code    56  userfunc.o(i.INT_ALL)
    MQ4_ADC_init                             0x08001961   Thumb Code   158  mq4.o(i.MQ4_ADC_init)
    MemManage_Handler                        0x08001a09   Thumb Code     4  stm32f10x_it.o(i.MemManage_Handler)
    NMI_Handler                              0x08001a0d   Thumb Code     2  stm32f10x_it.o(i.NMI_Handler)
    NVIC_Init                                0x08001a35   Thumb Code   100  misc.o(i.NVIC_Init)
    NVIC_PriorityGroupConfig                 0x08001aa5   Thumb Code    10  misc.o(i.NVIC_PriorityGroupConfig)
    PendSV_Handler                           0x08001ab9   Thumb Code     2  stm32f10x_it.o(i.PendSV_Handler)
    RCC_ADCCLKConfig                         0x08001abd   Thumb Code    18  stm32f10x_rcc.o(i.RCC_ADCCLKConfig)
    RCC_APB1PeriphClockCmd                   0x08001ad5   Thumb Code    26  stm32f10x_rcc.o(i.RCC_APB1PeriphClockCmd)
    RCC_APB2PeriphClockCmd                   0x08001af5   Thumb Code    26  stm32f10x_rcc.o(i.RCC_APB2PeriphClockCmd)
    RCC_APB2PeriphResetCmd                   0x08001b15   Thumb Code    26  stm32f10x_rcc.o(i.RCC_APB2PeriphResetCmd)
    RCC_GetClocksFreq                        0x08001b35   Thumb Code   192  stm32f10x_rcc.o(i.RCC_GetClocksFreq)
    SVC_Handler                              0x08001c09   Thumb Code     2  stm32f10x_it.o(i.SVC_Handler)
    Str2Hex                                  0x08001cf5   Thumb Code    84  bc20.o(i.Str2Hex)
    SysTick_Handler                          0x08001d49   Thumb Code     2  stm32f10x_it.o(i.SysTick_Handler)
    SystemInit                               0x08001d4d   Thumb Code    78  system_stm32f10x.o(i.SystemInit)
    USART1_IRQHandler                        0x08001dad   Thumb Code    32  stm32f10x_it.o(i.USART1_IRQHandler)
    USART2_IRQHandler                        0x08001dd1   Thumb Code   134  stm32f10x_it.o(i.USART2_IRQHandler)
    USART_Cmd                                0x08001e71   Thumb Code    24  stm32f10x_usart.o(i.USART_Cmd)
    USART_Config                             0x08001e89   Thumb Code   136  usart.o(i.USART_Config)
    USART_GetFlagStatus                      0x08001f19   Thumb Code    26  stm32f10x_usart.o(i.USART_GetFlagStatus)
    USART_GetITStatus                        0x08001f33   Thumb Code    84  stm32f10x_usart.o(i.USART_GetITStatus)
    USART_ITConfig                           0x08001f87   Thumb Code    74  stm32f10x_usart.o(i.USART_ITConfig)
    USART_Init                               0x08001fd1   Thumb Code   210  stm32f10x_usart.o(i.USART_Init)
    USART_ReceiveData                        0x080020a9   Thumb Code    10  stm32f10x_usart.o(i.USART_ReceiveData)
    USART_SendData                           0x080020b3   Thumb Code     8  stm32f10x_usart.o(i.USART_SendData)
    USART_printf                             0x080020bb   Thumb Code   262  common.o(i.USART_printf)
    UsageFault_Handler                       0x080021c1   Thumb Code     4  stm32f10x_it.o(i.UsageFault_Handler)
    Value2Hex                                0x080021c5   Thumb Code    48  bc20.o(i.Value2Hex)
    __0printf                                0x08002219   Thumb Code    22  printfa.o(i.__0printf)
    __1printf                                0x08002219   Thumb Code     0  printfa.o(i.__0printf)
    __2printf                                0x08002219   Thumb Code     0  printfa.o(i.__0printf)
    __c89printf                              0x08002219   Thumb Code     0  printfa.o(i.__0printf)
    printf                                   0x08002219   Thumb Code     0  printfa.o(i.__0printf)
    __0sprintf                               0x08002239   Thumb Code    34  printfa.o(i.__0sprintf)
    __1sprintf                               0x08002239   Thumb Code     0  printfa.o(i.__0sprintf)
    __2sprintf                               0x08002239   Thumb Code     0  printfa.o(i.__0sprintf)
    __c89sprintf                             0x08002239   Thumb Code     0  printfa.o(i.__0sprintf)
    sprintf                                  0x08002239   Thumb Code     0  printfa.o(i.__0sprintf)
    __scatterload_copy                       0x08002261   Thumb Code    14  handlers.o(i.__scatterload_copy)
    __scatterload_null                       0x0800226f   Thumb Code     2  handlers.o(i.__scatterload_null)
    __scatterload_zeroinit                   0x08002271   Thumb Code    14  handlers.o(i.__scatterload_zeroinit)
    bc20_AT_Test                             0x08002b3d   Thumb Code    52  bc20.o(i.bc20_AT_Test)
    bc20_GPIO_USART_init                     0x08002bbd   Thumb Code     8  bc20.o(i.bc20_GPIO_USART_init)
    bc20_Start_int                           0x08002bc5   Thumb Code   108  bc20.o(i.bc20_Start_int)
    cJSON_AddItemToArray                     0x08002c75   Thumb Code    42  cjson.o(i.cJSON_AddItemToArray)
    cJSON_AddItemToObject                    0x08002ca1   Thumb Code    44  cjson.o(i.cJSON_AddItemToObject)
    cJSON_CreateNumber                       0x08002cd1   Thumb Code    36  cjson.o(i.cJSON_CreateNumber)
    cJSON_CreateObject                       0x08002cf5   Thumb Code    18  cjson.o(i.cJSON_CreateObject)
    cJSON_CreateString                       0x08002d07   Thumb Code    28  cjson.o(i.cJSON_CreateString)
    cJSON_Delete                             0x08002d25   Thumb Code    82  cjson.o(i.cJSON_Delete)
    cJSON_Print                              0x08002d9d   Thumb Code    18  cjson.o(i.cJSON_Print)
    delay_ms                                 0x08002ddd   Thumb Code    26  delay.o(i.delay_ms)
    delay_us                                 0x08002df7   Thumb Code    46  delay.o(i.delay_us)
    floor                                    0x08002e95   Thumb Code   204  floor.o(i.floor)
    fputc                                    0x08002f71   Thumb Code    32  usart.o(i.fputc)
    free                                     0x08002f95   Thumb Code    76  malloc.o(i.free)
    getAllDataOBJ                            0x08002fe5   Thumb Code   118  userfunc.o(i.getAllDataOBJ)
    getBC20_GNSSPWR_Address                  0x08003071   Thumb Code    34  bc20.o(i.getBC20_GNSSPWR_Address)
    getBC20_Internet_status                  0x080030c5   Thumb Code    80  bc20.o(i.getBC20_Internet_status)
    getBC20_Signal_strength                  0x08003149   Thumb Code    56  bc20.o(i.getBC20_Signal_strength)
    getJSON_Data                             0x08003195   Thumb Code   198  userfunc.o(i.getJSON_Data)
    main                                     0x080032ff   Thumb Code     8  main.o(i.main)
    malloc                                   0x08003309   Thumb Code    92  malloc.o(i.malloc)
    postString                               0x08003375   Thumb Code   132  httppost.o(i.postString)
    Region$$Table$$Base                      0x08003fd4   Number         0  anon$$obj.o(Region$$Table)
    Region$$Table$$Limit                     0x08003ff4   Number         0  anon$$obj.o(Region$$Table)
    ucTcpClosedFlag                          0x20000014   Data           1  esp8266.o(.data)
    strx                                     0x20000018   Data           4  bc20.o(.data)
    extstrx                                  0x2000001c   Data           4  bc20.o(.data)
    __stdout                                 0x2000002c   Data           4  stdout.o(.data)
    __microlib_freelist                      0x20000030   Data           4  mvars.o(.data)
    __microlib_freelist_initialised          0x20000034   Data           4  mvars.o(.data)
    cStr                                     0x20000038   Data        1500  esp8266.o(.bss)
    strEsp8266_Fram_Record                   0x20000614   Data        1026  esp8266.o(.bss)
    LongLatidata                             0x20000a18   Data         124  bc20.o(.bss)
    __heap_base                              0x20000a98   Data           0  startup_stm32f10x_md.o(HEAP)
    __heap_limit                             0x20001a98   Data           0  startup_stm32f10x_md.o(HEAP)
    __initial_sp                             0x20001e98   Data           0  startup_stm32f10x_md.o(STACK)



==============================================================================

Memory Map of the image

  Image Entry point : 0x080000ed

  Load Region LR_IROM1 (Base: 0x08000000, Size: 0x0000402c, Max: 0x00010000, ABSOLUTE)

    Execution Region ER_IROM1 (Exec base: 0x08000000, Load base: 0x08000000, Size: 0x00003ff4, Max: 0x00010000, ABSOLUTE)

    Exec Addr    Load Addr    Size         Type   Attr      Idx    E Section Name        Object

    0x08000000   0x08000000   0x000000ec   Data   RO            3    RESET               startup_stm32f10x_md.o
    0x080000ec   0x080000ec   0x00000000   Code   RO         4123  * .ARM.Collect$$$$00000000  mc_w.l(entry.o)
    0x080000ec   0x080000ec   0x00000004   Code   RO         4498    .ARM.Collect$$$$00000001  mc_w.l(entry2.o)
    0x080000f0   0x080000f0   0x00000004   Code   RO         4501    .ARM.Collect$$$$00000004  mc_w.l(entry5.o)
    0x080000f4   0x080000f4   0x00000000   Code   RO         4503    .ARM.Collect$$$$00000008  mc_w.l(entry7b.o)
    0x080000f4   0x080000f4   0x00000000   Code   RO         4505    .ARM.Collect$$$$0000000A  mc_w.l(entry8b.o)
    0x080000f4   0x080000f4   0x00000008   Code   RO         4506    .ARM.Collect$$$$0000000B  mc_w.l(entry9a.o)
    0x080000fc   0x080000fc   0x00000000   Code   RO         4508    .ARM.Collect$$$$0000000D  mc_w.l(entry10a.o)
    0x080000fc   0x080000fc   0x00000000   Code   RO         4510    .ARM.Collect$$$$0000000F  mc_w.l(entry11a.o)
    0x080000fc   0x080000fc   0x00000004   Code   RO         4499    .ARM.Collect$$$$00002712  mc_w.l(entry2.o)
    0x08000100   0x08000100   0x00000024   Code   RO            4    .text               startup_stm32f10x_md.o
    0x08000124   0x08000124   0x00000024   Code   RO         4128    .text               mc_w.l(memcpya.o)
    0x08000148   0x08000148   0x00000024   Code   RO         4130    .text               mc_w.l(memseta.o)
    0x0800016c   0x0800016c   0x00000018   Code   RO         4132    .text               mc_w.l(strcat.o)
    0x08000184   0x08000184   0x00000024   Code   RO         4134    .text               mc_w.l(strstr.o)
    0x080001a8   0x080001a8   0x00000014   Code   RO         4136    .text               mc_w.l(strchr.o)
    0x080001bc   0x080001bc   0x0000000e   Code   RO         4138    .text               mc_w.l(strlen.o)
    0x080001ca   0x080001ca   0x0000001c   Code   RO         4140    .text               mc_w.l(strcmp.o)
    0x080001e6   0x080001e6   0x00000012   Code   RO         4142    .text               mc_w.l(strcpy.o)
    0x080001f8   0x080001f8   0x000000b0   Code   RO         4437    .text               mf_w.l(fadd.o)
    0x080002a8   0x080002a8   0x00000064   Code   RO         4439    .text               mf_w.l(fmul.o)
    0x0800030c   0x0800030c   0x0000007c   Code   RO         4441    .text               mf_w.l(fdiv.o)
    0x08000388   0x08000388   0x0000014e   Code   RO         4443    .text               mf_w.l(dadd.o)
    0x080004d6   0x080004d6   0x000000e4   Code   RO         4445    .text               mf_w.l(dmul.o)
    0x080005ba   0x080005ba   0x000000de   Code   RO         4447    .text               mf_w.l(ddiv.o)
    0x08000698   0x08000698   0x00000012   Code   RO         4449    .text               mf_w.l(fflti.o)
    0x080006aa   0x080006aa   0x0000000a   Code   RO         4451    .text               mf_w.l(ffltui.o)
    0x080006b4   0x080006b4   0x00000022   Code   RO         4453    .text               mf_w.l(dflti.o)
    0x080006d6   0x080006d6   0x0000001a   Code   RO         4455    .text               mf_w.l(dfltui.o)
    0x080006f0   0x080006f0   0x00000028   Code   RO         4457    .text               mf_w.l(ffixui.o)
    0x08000718   0x08000718   0x0000003e   Code   RO         4459    .text               mf_w.l(dfixi.o)
    0x08000756   0x08000756   0x00000032   Code   RO         4461    .text               mf_w.l(dfixui.o)
    0x08000788   0x08000788   0x00000026   Code   RO         4463    .text               mf_w.l(f2d.o)
    0x080007ae   0x080007ae   0x00000002   PAD
    0x080007b0   0x080007b0   0x00000030   Code   RO         4465    .text               mf_w.l(cdcmple.o)
    0x080007e0   0x080007e0   0x00000030   Code   RO         4467    .text               mf_w.l(cdrcmple.o)
    0x08000810   0x08000810   0x00000038   Code   RO         4469    .text               mf_w.l(d2f.o)
    0x08000848   0x08000848   0x0000002c   Code   RO         4513    .text               mc_w.l(uidiv.o)
    0x08000874   0x08000874   0x00000062   Code   RO         4515    .text               mc_w.l(uldiv.o)
    0x080008d6   0x080008d6   0x0000001e   Code   RO         4517    .text               mc_w.l(llshl.o)
    0x080008f4   0x080008f4   0x00000020   Code   RO         4519    .text               mc_w.l(llushr.o)
    0x08000914   0x08000914   0x00000024   Code   RO         4521    .text               mc_w.l(llsshr.o)
    0x08000938   0x08000938   0x00000000   Code   RO         4532    .text               mc_w.l(iusefp.o)
    0x08000938   0x08000938   0x0000006e   Code   RO         4533    .text               mf_w.l(fepilogue.o)
    0x080009a6   0x080009a6   0x000000ba   Code   RO         4535    .text               mf_w.l(depilogue.o)
    0x08000a60   0x08000a60   0x00000030   Code   RO         4539    .text               mf_w.l(dfixul.o)
    0x08000a90   0x08000a90   0x00000024   Code   RO         4541    .text               mc_w.l(init.o)
    0x08000ab4   0x08000ab4   0x00000016   Code   RO          183    i.ADC_Cmd           stm32f10x_adc.o
    0x08000aca   0x08000aca   0x00000002   PAD
    0x08000acc   0x08000acc   0x0000005c   Code   RO          185    i.ADC_DeInit        stm32f10x_adc.o
    0x08000b28   0x08000b28   0x00000014   Code   RO          191    i.ADC_GetCalibrationStatus  stm32f10x_adc.o
    0x08000b3c   0x08000b3c   0x00000008   Code   RO          192    i.ADC_GetConversionValue  stm32f10x_adc.o
    0x08000b44   0x08000b44   0x00000012   Code   RO          194    i.ADC_GetFlagStatus  stm32f10x_adc.o
    0x08000b56   0x08000b56   0x00000014   Code   RO          197    i.ADC_GetResetCalibrationStatus  stm32f10x_adc.o
    0x08000b6a   0x08000b6a   0x00000002   PAD
    0x08000b6c   0x08000b6c   0x00000050   Code   RO          201    i.ADC_Init          stm32f10x_adc.o
    0x08000bbc   0x08000bbc   0x000000b8   Code   RO          205    i.ADC_RegularChannelConfig  stm32f10x_adc.o
    0x08000c74   0x08000c74   0x0000000a   Code   RO          206    i.ADC_ResetCalibration  stm32f10x_adc.o
    0x08000c7e   0x08000c7e   0x00000016   Code   RO          208    i.ADC_SoftwareStartConvCmd  stm32f10x_adc.o
    0x08000c94   0x08000c94   0x0000000a   Code   RO          210    i.ADC_StartCalibration  stm32f10x_adc.o
    0x08000c9e   0x08000c9e   0x00000002   PAD
    0x08000ca0   0x08000ca0   0x00000060   Code   RO         3469    i.B20_GNSS_INIT     bc20.o
    0x08000d00   0x08000d00   0x0000009c   Code   RO         3623    i.BC20HTTP_postBody  userfunc.o
    0x08000d9c   0x08000d9c   0x00000040   Code   RO         3470    i.BC20_CloseSingle  bc20.o
    0x08000ddc   0x08000ddc   0x00000098   Code   RO         3471    i.BC20_LINK_SERVER  bc20.o
    0x08000e74   0x08000e74   0x000000dc   Code   RO         3624    i.BC20_TEST         userfunc.o
    0x08000f50   0x08000f50   0x00000064   Code   RO         3472    i.BC20_sendHex      bc20.o
    0x08000fb4   0x08000fb4   0x00000004   Code   RO         3108    i.BusFault_Handler  stm32f10x_it.o
    0x08000fb8   0x08000fb8   0x00000064   Code   RO         3581    i.DHT11_Check       dht11.o
    0x0800101c   0x0800101c   0x00000038   Code   RO         3582    i.DHT11_Init        dht11.o
    0x08001054   0x08001054   0x0000004c   Code   RO         3583    i.DHT11_Read_Bit    dht11.o
    0x080010a0   0x080010a0   0x0000001e   Code   RO         3584    i.DHT11_Read_Byte   dht11.o
    0x080010be   0x080010be   0x00000058   Code   RO         3585    i.DHT11_Read_Data   dht11.o
    0x08001116   0x08001116   0x00000002   PAD
    0x08001118   0x08001118   0x00000040   Code   RO         3586    i.DHT11_Rst         dht11.o
    0x08001158   0x08001158   0x00000002   Code   RO         3109    i.DebugMon_Handler  stm32f10x_it.o
    0x0800115a   0x0800115a   0x00000002   PAD
    0x0800115c   0x0800115c   0x000000b8   Code   RO         3260    i.ESP8266_Cmd       esp8266.o
    0x08001214   0x08001214   0x00000040   Code   RO         3264    i.ESP8266_GPIO_Config  esp8266.o
    0x08001254   0x08001254   0x0000000c   Code   RO         3267    i.ESP8266_Init      esp8266.o
    0x08001260   0x08001260   0x00000098   Code   RO         3277    i.ESP8266_USART_Config  esp8266.o
    0x080012f8   0x080012f8   0x00000028   Code   RO         3278    i.ESP8266_USART_NVIC_Configuration  esp8266.o
    0x08001320   0x08001320   0x00000050   Code   RO         3474    i.GNSS_Open         bc20.o
    0x08001370   0x08001370   0x00000116   Code   RO         1292    i.GPIO_Init         stm32f10x_gpio.o
    0x08001486   0x08001486   0x00000002   PAD
    0x08001488   0x08001488   0x000000bc   Code   RO         4026    i.GetMQ4Value       mq4.o
    0x08001544   0x08001544   0x00000398   Code   RO         3475    i.Getdata_Change    bc20.o
    0x080018dc   0x080018dc   0x00000004   Code   RO         3110    i.HardFault_Handler  stm32f10x_it.o
    0x080018e0   0x080018e0   0x00000080   Code   RO         3625    i.INT_ALL           userfunc.o
    0x08001960   0x08001960   0x000000a8   Code   RO         4027    i.MQ4_ADC_init      mq4.o
    0x08001a08   0x08001a08   0x00000004   Code   RO         3111    i.MemManage_Handler  stm32f10x_it.o
    0x08001a0c   0x08001a0c   0x00000002   Code   RO         3112    i.NMI_Handler       stm32f10x_it.o
    0x08001a0e   0x08001a0e   0x00000026   Code   RO         4050    i.NVIC_Configuration  usart.o
    0x08001a34   0x08001a34   0x00000070   Code   RO          137    i.NVIC_Init         misc.o
    0x08001aa4   0x08001aa4   0x00000014   Code   RO          138    i.NVIC_PriorityGroupConfig  misc.o
    0x08001ab8   0x08001ab8   0x00000002   Code   RO         3113    i.PendSV_Handler    stm32f10x_it.o
    0x08001aba   0x08001aba   0x00000002   PAD
    0x08001abc   0x08001abc   0x00000018   Code   RO         1706    i.RCC_ADCCLKConfig  stm32f10x_rcc.o
    0x08001ad4   0x08001ad4   0x00000020   Code   RO         1708    i.RCC_APB1PeriphClockCmd  stm32f10x_rcc.o
    0x08001af4   0x08001af4   0x00000020   Code   RO         1710    i.RCC_APB2PeriphClockCmd  stm32f10x_rcc.o
    0x08001b14   0x08001b14   0x00000020   Code   RO         1711    i.RCC_APB2PeriphResetCmd  stm32f10x_rcc.o
    0x08001b34   0x08001b34   0x000000d4   Code   RO         1718    i.RCC_GetClocksFreq  stm32f10x_rcc.o
    0x08001c08   0x08001c08   0x00000002   Code   RO         3114    i.SVC_Handler       stm32f10x_it.o
    0x08001c0a   0x08001c0a   0x00000008   Code   RO           24    i.SetSysClock       system_stm32f10x.o
    0x08001c12   0x08001c12   0x00000002   PAD
    0x08001c14   0x08001c14   0x000000e0   Code   RO           25    i.SetSysClockTo72   system_stm32f10x.o
    0x08001cf4   0x08001cf4   0x00000054   Code   RO         3476    i.Str2Hex           bc20.o
    0x08001d48   0x08001d48   0x00000002   Code   RO         3115    i.SysTick_Handler   stm32f10x_it.o
    0x08001d4a   0x08001d4a   0x00000002   PAD
    0x08001d4c   0x08001d4c   0x00000060   Code   RO           27    i.SystemInit        system_stm32f10x.o
    0x08001dac   0x08001dac   0x00000024   Code   RO         3116    i.USART1_IRQHandler  stm32f10x_it.o
    0x08001dd0   0x08001dd0   0x000000a0   Code   RO         3117    i.USART2_IRQHandler  stm32f10x_it.o
    0x08001e70   0x08001e70   0x00000018   Code   RO         2878    i.USART_Cmd         stm32f10x_usart.o
    0x08001e88   0x08001e88   0x00000090   Code   RO         4051    i.USART_Config      usart.o
    0x08001f18   0x08001f18   0x0000001a   Code   RO         2881    i.USART_GetFlagStatus  stm32f10x_usart.o
    0x08001f32   0x08001f32   0x00000054   Code   RO         2882    i.USART_GetITStatus  stm32f10x_usart.o
    0x08001f86   0x08001f86   0x0000004a   Code   RO         2884    i.USART_ITConfig    stm32f10x_usart.o
    0x08001fd0   0x08001fd0   0x000000d8   Code   RO         2885    i.USART_Init        stm32f10x_usart.o
    0x080020a8   0x080020a8   0x0000000a   Code   RO         2892    i.USART_ReceiveData  stm32f10x_usart.o
    0x080020b2   0x080020b2   0x00000008   Code   RO         2895    i.USART_SendData    stm32f10x_usart.o
    0x080020ba   0x080020ba   0x00000106   Code   RO         3442    i.USART_printf      common.o
    0x080021c0   0x080021c0   0x00000004   Code   RO         3118    i.UsageFault_Handler  stm32f10x_it.o
    0x080021c4   0x080021c4   0x00000054   Code   RO         3477    i.Value2Hex         bc20.o
    0x08002218   0x08002218   0x00000020   Code   RO         4381    i.__0printf         mc_w.l(printfa.o)
    0x08002238   0x08002238   0x00000028   Code   RO         4383    i.__0sprintf        mc_w.l(printfa.o)
    0x08002260   0x08002260   0x0000000e   Code   RO         4547    i.__scatterload_copy  mc_w.l(handlers.o)
    0x0800226e   0x0800226e   0x00000002   Code   RO         4548    i.__scatterload_null  mc_w.l(handlers.o)
    0x08002270   0x08002270   0x0000000e   Code   RO         4549    i.__scatterload_zeroinit  mc_w.l(handlers.o)
    0x0800227e   0x0800227e   0x00000002   PAD
    0x08002280   0x08002280   0x00000184   Code   RO         4388    i._fp_digits        mc_w.l(printfa.o)
    0x08002404   0x08002404   0x000006dc   Code   RO         4389    i._printf_core      mc_w.l(printfa.o)
    0x08002ae0   0x08002ae0   0x00000024   Code   RO         4390    i._printf_post_padding  mc_w.l(printfa.o)
    0x08002b04   0x08002b04   0x0000002e   Code   RO         4391    i._printf_pre_padding  mc_w.l(printfa.o)
    0x08002b32   0x08002b32   0x0000000a   Code   RO         4393    i._sputc            mc_w.l(printfa.o)
    0x08002b3c   0x08002b3c   0x00000080   Code   RO         3478    i.bc20_AT_Test      bc20.o
    0x08002bbc   0x08002bbc   0x00000008   Code   RO         3479    i.bc20_GPIO_USART_init  bc20.o
    0x08002bc4   0x08002bc4   0x000000b0   Code   RO         3480    i.bc20_Start_int    bc20.o
    0x08002c74   0x08002c74   0x0000002a   Code   RO         3679    i.cJSON_AddItemToArray  cjson.o
    0x08002c9e   0x08002c9e   0x00000002   PAD
    0x08002ca0   0x08002ca0   0x00000030   Code   RO         3680    i.cJSON_AddItemToObject  cjson.o
    0x08002cd0   0x08002cd0   0x00000024   Code   RO         3689    i.cJSON_CreateNumber  cjson.o
    0x08002cf4   0x08002cf4   0x00000012   Code   RO         3690    i.cJSON_CreateObject  cjson.o
    0x08002d06   0x08002d06   0x0000001c   Code   RO         3691    i.cJSON_CreateString  cjson.o
    0x08002d22   0x08002d22   0x00000002   PAD
    0x08002d24   0x08002d24   0x00000058   Code   RO         3694    i.cJSON_Delete      cjson.o
    0x08002d7c   0x08002d7c   0x00000020   Code   RO         3707    i.cJSON_New_Item    cjson.o
    0x08002d9c   0x08002d9c   0x00000012   Code   RO         3710    i.cJSON_Print       cjson.o
    0x08002dae   0x08002dae   0x00000002   PAD
    0x08002db0   0x08002db0   0x0000002c   Code   RO         3716    i.cJSON_strdup      cjson.o
    0x08002ddc   0x08002ddc   0x0000001a   Code   RO         3400    i.delay_ms          delay.o
    0x08002df6   0x08002df6   0x0000002e   Code   RO         3402    i.delay_us          delay.o
    0x08002e24   0x08002e24   0x00000070   Code   RO         3718    i.ensure            cjson.o
    0x08002e94   0x08002e94   0x000000dc   Code   RO         4110    i.floor             m_ws.l(floor.o)
    0x08002f70   0x08002f70   0x00000024   Code   RO         4058    i.fputc             usart.o
    0x08002f94   0x08002f94   0x00000050   Code   RO         4409    i.free              mc_w.l(malloc.o)
    0x08002fe4   0x08002fe4   0x0000008c   Code   RO         3626    i.getAllDataOBJ     userfunc.o
    0x08003070   0x08003070   0x00000054   Code   RO         3481    i.getBC20_GNSSPWR_Address  bc20.o
    0x080030c4   0x080030c4   0x00000084   Code   RO         3482    i.getBC20_Internet_status  bc20.o
    0x08003148   0x08003148   0x0000004c   Code   RO         3484    i.getBC20_Signal_strength  bc20.o
    0x08003194   0x08003194   0x00000108   Code   RO         3627    i.getJSON_Data      userfunc.o
    0x0800329c   0x0800329c   0x00000062   Code   RO         3443    i.itoa              common.o
    0x080032fe   0x080032fe   0x00000008   Code   RO         3246    i.main              main.o
    0x08003306   0x08003306   0x00000002   PAD
    0x08003308   0x08003308   0x0000006c   Code   RO         4410    i.malloc            mc_w.l(malloc.o)
    0x08003374   0x08003374   0x00000108   Code   RO         3660    i.postString        httppost.o
    0x0800347c   0x0800347c   0x0000001c   Code   RO         3725    i.pow2gt            cjson.o
    0x08003498   0x08003498   0x00000250   Code   RO         3726    i.print_array       cjson.o
    0x080036e8   0x080036e8   0x00000198   Code   RO         3727    i.print_number      cjson.o
    0x08003880   0x08003880   0x00000418   Code   RO         3728    i.print_object      cjson.o
    0x08003c98   0x08003c98   0x00000010   Code   RO         3729    i.print_string      cjson.o
    0x08003ca8   0x08003ca8   0x000001d4   Code   RO         3730    i.print_string_ptr  cjson.o
    0x08003e7c   0x08003e7c   0x00000130   Code   RO         3731    i.print_value       cjson.o
    0x08003fac   0x08003fac   0x00000006   Code   RO         3733    i.suffix_object     cjson.o
    0x08003fb2   0x08003fb2   0x00000020   Code   RO         3734    i.update            cjson.o
    0x08003fd2   0x08003fd2   0x00000002   PAD
    0x08003fd4   0x08003fd4   0x00000020   Data   RO         4545    Region$$Table       anon$$obj.o


    Execution Region RW_IRAM1 (Exec base: 0x20000000, Load base: 0x08003ff4, Size: 0x00001e98, Max: 0x00005000, ABSOLUTE)

    Exec Addr    Load Addr    Size         Type   Attr      Idx    E Section Name        Object

    0x20000000   0x08003ff4   0x00000014   Data   RW         1738    .data               stm32f10x_rcc.o
    0x20000014   0x08004008   0x00000001   Data   RW         3281    .data               esp8266.o
    0x20000015   0x08004009   0x00000003   PAD
    0x20000018   0x0800400c   0x00000008   Data   RW         3487    .data               bc20.o
    0x20000020   0x08004014   0x0000000c   Data   RW         3736    .data               cjson.o
    0x2000002c   0x08004020   0x00000004   Data   RW         4512    .data               mc_w.l(stdout.o)
    0x20000030   0x08004024   0x00000004   Data   RW         4523    .data               mc_w.l(mvars.o)
    0x20000034   0x08004028   0x00000004   Data   RW         4524    .data               mc_w.l(mvars.o)
    0x20000038        -       0x000009de   Zero   RW         3280    .bss                esp8266.o
    0x20000a16   0x0800402c   0x00000002   PAD
    0x20000a18        -       0x0000007c   Zero   RW         3486    .bss                bc20.o
    0x20000a94   0x0800402c   0x00000004   PAD
    0x20000a98        -       0x00001000   Zero   RW            2    HEAP                startup_stm32f10x_md.o
    0x20001a98        -       0x00000400   Zero   RW            1    STACK               startup_stm32f10x_md.o


==============================================================================

Image component sizes


      Code (inc. data)   RO Data    RW Data    ZI Data      Debug   Object Name

      2184        586          0          8        124       9413   bc20.o
      3368        186          0         12          0      17179   cjson.o
       360          0          0          0          0       2567   common.o
         0          0          0          0          0       4508   core_cm3.o
        72          0          0          0          0        946   delay.o
       414         36          0          0          0       3648   dht11.o
       452         32          0          1       2526       5859   esp8266.o
       264        132          0          0          0        657   httppost.o
         8          0          0          0          0        415   main.o
       132         22          0          0          0       1459   misc.o
       356         56          0          0          0       1145   mq4.o
        36          8        236          0       5120        856   startup_stm32f10x_md.o
       486         24          0          0          0       8314   stm32f10x_adc.o
       278          0          0          0          0       1908   stm32f10x_gpio.o
       222         30          0          0          0      10911   stm32f10x_it.o
       332         44          0         20          0       5398   stm32f10x_rcc.o
       442          6          0          0          0       5961   stm32f10x_usart.o
       328         28          0          0          0     237465   system_stm32f10x.o
       218         12          0          0          0       1599   usart.o
       908        312          0          0          0       3077   userfunc.o

    ----------------------------------------------------------------------
     10888       1514        268         44       7776     323285   Object Totals
         0          0         32          0          0          0   (incl. Generated)
        28          0          0          3          6          0   (incl. Padding)

    ----------------------------------------------------------------------

      Code (inc. data)   RO Data    RW Data    ZI Data      Debug   Library Member Name

       220         16          0          0          0         84   floor.o
         0          0          0          0          0          0   entry.o
         0          0          0          0          0          0   entry10a.o
         0          0          0          0          0          0   entry11a.o
         8          4          0          0          0          0   entry2.o
         4          0          0          0          0          0   entry5.o
         0          0          0          0          0          0   entry7b.o
         0          0          0          0          0          0   entry8b.o
         8          4          0          0          0          0   entry9a.o
        30          0          0          0          0          0   handlers.o
        36          8          0          0          0         68   init.o
         0          0          0          0          0          0   iusefp.o
        30          0          0          0          0         68   llshl.o
        36          0          0          0          0         68   llsshr.o
        32          0          0          0          0         68   llushr.o
       188         20          0          0          0        160   malloc.o
        36          0          0          0          0         68   memcpya.o
        36          0          0          0          0        108   memseta.o
         0          0          0          8          0          0   mvars.o
      2308         96          0          0          0        604   printfa.o
         0          0          0          4          0          0   stdout.o
        24          0          0          0          0         68   strcat.o
        20          0          0          0          0         68   strchr.o
        28          0          0          0          0         76   strcmp.o
        18          0          0          0          0         68   strcpy.o
        14          0          0          0          0         68   strlen.o
        36          0          0          0          0         80   strstr.o
        44          0          0          0          0         80   uidiv.o
        98          0          0          0          0         92   uldiv.o
        48          0          0          0          0         68   cdcmple.o
        48          0          0          0          0         68   cdrcmple.o
        56          0          0          0          0         88   d2f.o
       334          0          0          0          0        148   dadd.o
       222          0          0          0          0        100   ddiv.o
       186          0          0          0          0        176   depilogue.o
        62          0          0          0          0         80   dfixi.o
        50          0          0          0          0         76   dfixui.o
        48          0          0          0          0         68   dfixul.o
        34          0          0          0          0         76   dflti.o
        26          0          0          0          0         76   dfltui.o
       228          0          0          0          0         96   dmul.o
        38          0          0          0          0         68   f2d.o
       176          0          0          0          0        140   fadd.o
       124          0          0          0          0         88   fdiv.o
       110          0          0          0          0        168   fepilogue.o
        40          0          0          0          0         68   ffixui.o
        18          0          0          0          0         68   fflti.o
        10          0          0          0          0         68   ffltui.o
       100          0          0          0          0         76   fmul.o

    ----------------------------------------------------------------------
      5216        148          0         12          0       3760   Library Totals
         4          0          0          0          0          0   (incl. Padding)

    ----------------------------------------------------------------------

      Code (inc. data)   RO Data    RW Data    ZI Data      Debug   Library Name

       220         16          0          0          0         84   m_ws.l
      3034        132          0         12          0       1812   mc_w.l
      1958          0          0          0          0       1864   mf_w.l

    ----------------------------------------------------------------------
      5216        148          0         12          0       3760   Library Totals

    ----------------------------------------------------------------------

==============================================================================


      Code (inc. data)   RO Data    RW Data    ZI Data      Debug   

     16104       1662        268         56       7776     320021   Grand Totals
     16104       1662        268         56       7776     320021   ELF Image Totals
     16104       1662        268         56          0          0   ROM Totals

==============================================================================

    Total RO  Size (Code + RO Data)                16372 (  15.99kB)
    Total RW  Size (RW Data + ZI Data)              7832 (   7.65kB)
    Total ROM Size (Code + RO Data + RW Data)      16428 (  16.04kB)

==============================================================================

